Product: MDK-ARM Standard 5.10
Component: ARM Compiler 5.04 update 1 (build 49)
Tool: armlink [5040049]

==============================================================================

Section Cross References

    application.o(.text) refers to thread.o(.text) for rt_thread_create
    startup.o(.text) refers to kservice.o(.text) for rt_kprintf
    startup.o(.text) refers to board.o(.text) for rt_hw_board_init
    startup.o(.text) refers to clock.o(.text) for rt_system_tick_init
    startup.o(.text) refers to object.o(.text) for rt_system_object_init
    startup.o(.text) refers to timer.o(.text) for rt_system_timer_init
    startup.o(.text) refers to mem.o(.text) for rt_system_heap_init
    startup.o(.text) refers to scheduler.o(.text) for rt_system_scheduler_init
    startup.o(.text) refers to application.o(.text) for rt_application_init
    startup.o(.text) refers to shell.o(.text) for finsh_system_init
    startup.o(.text) refers to idle.o(.text) for rt_thread_idle_init
    startup.o(.text) refers to context_rvds.o(.text) for rt_hw_interrupt_disable
    board.o(.text) refers to misc.o(.text) for NVIC_SetVectorTable
    board.o(.text) refers to stm32f4xx_rcc.o(.text) for RCC_GetClocksFreq
    board.o(.text) refers to irq.o(.text) for rt_interrupt_enter
    board.o(.text) refers to clock.o(.text) for rt_tick_increase
    board.o(.text) refers to usart.o(.text) for stm32_hw_usart_init
    board.o(.text) refers to gpio.o(.text) for stm32_hw_pin_init
    board.o(.text) refers to kservice.o(.text) for rt_console_set_device
    usart.o(.text) refers to kservice.o(.text) for rt_assert_handler
    usart.o(.text) refers to stm32f4xx_usart.o(.text) for USART_Init
    usart.o(.text) refers to irq.o(.text) for rt_interrupt_enter
    usart.o(.text) refers to serial.o(.text) for rt_hw_serial_isr
    usart.o(.text) refers to stm32f4xx_rcc.o(.text) for RCC_AHB1PeriphClockCmd
    usart.o(.text) refers to stm32f4xx_gpio.o(.text) for GPIO_Init
    usart.o(.text) refers to misc.o(.text) for NVIC_Init
    usart.o(.text) refers to usart.o(.constdata) for __FUNCTION__
    usart.o(.text) refers to usart.o(.data) for uart1
    usart.o(.text) refers to usart.o(.bss) for serial1
    usart.o(.constdata) refers to usart.o(.text) for stm32_configure
    gpio.o(.text) refers to stm32f4xx_gpio.o(.text) for GPIO_ResetBits
    gpio.o(.text) refers to stm32f4xx_rcc.o(.text) for RCC_AHB1PeriphClockCmd
    gpio.o(.text) refers to pin.o(.text) for rt_device_pin_register
    gpio.o(.text) refers to gpio.o(.constdata) for pins
    gpio.o(.constdata) refers to gpio.o(.text) for stm32_pin_mode
    system_stm32f4xx.o(.text) refers to system_stm32f4xx.o(.data) for SystemCoreClock
    misc.o(.text) refers to startup.o(.text) for assert_failed
    stm32f4xx_adc.o(.text) refers to stm32f4xx_rcc.o(.text) for RCC_APB2PeriphResetCmd
    stm32f4xx_adc.o(.text) refers to startup.o(.text) for assert_failed
    stm32f4xx_can.o(.text) refers to startup.o(.text) for assert_failed
    stm32f4xx_can.o(.text) refers to stm32f4xx_rcc.o(.text) for RCC_APB1PeriphResetCmd
    stm32f4xx_cryp.o(.text) refers to stm32f4xx_rcc.o(.text) for RCC_AHB2PeriphResetCmd
    stm32f4xx_cryp.o(.text) refers to startup.o(.text) for assert_failed
    stm32f4xx_cryp_aes.o(.text) refers to stm32f4xx_cryp.o(.text) for CRYP_KeyStructInit
    stm32f4xx_cryp_des.o(.text) refers to stm32f4xx_cryp.o(.text) for CRYP_KeyStructInit
    stm32f4xx_cryp_tdes.o(.text) refers to stm32f4xx_cryp.o(.text) for CRYP_KeyStructInit
    stm32f4xx_dac.o(.text) refers to stm32f4xx_rcc.o(.text) for RCC_APB1PeriphResetCmd
    stm32f4xx_dac.o(.text) refers to startup.o(.text) for assert_failed
    stm32f4xx_dbgmcu.o(.text) refers to startup.o(.text) for assert_failed
    stm32f4xx_dcmi.o(.text) refers to startup.o(.text) for assert_failed
    stm32f4xx_dma.o(.text) refers to startup.o(.text) for assert_failed
    stm32f4xx_exti.o(.text) refers to startup.o(.text) for assert_failed
    stm32f4xx_flash.o(.text) refers to startup.o(.text) for assert_failed
    stm32f4xx_fsmc.o(.text) refers to startup.o(.text) for assert_failed
    stm32f4xx_gpio.o(.text) refers to startup.o(.text) for assert_failed
    stm32f4xx_gpio.o(.text) refers to stm32f4xx_rcc.o(.text) for RCC_AHB1PeriphResetCmd
    stm32f4xx_hash.o(.text) refers to stm32f4xx_rcc.o(.text) for RCC_AHB2PeriphResetCmd
    stm32f4xx_hash.o(.text) refers to startup.o(.text) for assert_failed
    stm32f4xx_hash_md5.o(.text) refers to stm32f4xx_hash.o(.text) for HASH_DeInit
    stm32f4xx_hash_sha1.o(.text) refers to stm32f4xx_hash.o(.text) for HASH_DeInit
    stm32f4xx_i2c.o(.text) refers to startup.o(.text) for assert_failed
    stm32f4xx_i2c.o(.text) refers to stm32f4xx_rcc.o(.text) for RCC_APB1PeriphResetCmd
    stm32f4xx_iwdg.o(.text) refers to startup.o(.text) for assert_failed
    stm32f4xx_pwr.o(.text) refers to stm32f4xx_rcc.o(.text) for RCC_APB1PeriphResetCmd
    stm32f4xx_pwr.o(.text) refers to startup.o(.text) for assert_failed
[...]
    _hw_pin                                  0x200008e8   Data          68  pin.o(.bss)
    .bss                                     0x2000092c   Section     2176  shell.o(.bss)
    finsh_thread                             0x2000092c   Data         128  shell.o(.bss)
    finsh_thread_stack                       0x200009ac   Data        2048  shell.o(.bss)
    .bss                                     0x200011ac   Section      128  finsh_heap.o(.bss)
    .bss                                     0x2000122c   Section      320  finsh_node.o(.bss)
    .bss                                     0x2000136c   Section      192  finsh_var.o(.bss)
    .bss                                     0x2000142c   Section      384  finsh_vm.o(.bss)
    .bss                                     0x200015ac   Section       96  libspace.o(.bss)
    HEAP                                     0x20001610   Section      512  startup_stm32f4xx.o(HEAP)
    Heap_Mem                                 0x20001610   Data         512  startup_stm32f4xx.o(HEAP)
    STACK                                    0x20001810   Section     1024  startup_stm32f4xx.o(STACK)
    Stack_Mem                                0x20001810   Data        1024  startup_stm32f4xx.o(STACK)
    __initial_sp                             0x20001c10   Data           0  startup_stm32f4xx.o(STACK)

    Global Symbols

    Symbol Name                              Value     Ov Type        Size  Object(Section)

    BuildAttributes$$THM_ISAv4$E$P$D$K$B$S$7EM$VFPi3$EXTD16$VFPS$VFMA$PE$A:L22UL41UL21$X:L11$S22US41US21$IEEE1$IW$USESV6$~STKCKD$USESV7$~SHL$OSPACE$ROPI$EBA8$UX$STANDARDLIB$REQ8$PRES8$EABIv2 0x00000000   Number         0  anon$$obj.o ABSOLUTE
    __ARM_use_no_argv                        0x00000000   Number         0  startup.o ABSOLUTE
    __ARM_exceptions_init                     - Undefined Weak Reference
    __alloca_initialize                       - Undefined Weak Reference
    __cpp_initialize__aeabi_                  - Undefined Weak Reference
    __cxa_finalize                            - Undefined Weak Reference
    __sigvec_lookup                           - Undefined Weak Reference
    _atexit_init                              - Undefined Weak Reference
    _call_atexit_fns                          - Undefined Weak Reference
    _clock_init                               - Undefined Weak Reference
    _fp_trap_init                             - Undefined Weak Reference
    _fp_trap_shutdown                         - Undefined Weak Reference
    _get_lc_collate                           - Undefined Weak Reference
    _get_lc_monetary                          - Undefined Weak Reference
    _get_lc_numeric                           - Undefined Weak Reference
    _get_lc_time                              - Undefined Weak Reference
    _getenv_init                              - Undefined Weak Reference
    _handle_redirection                       - Undefined Weak Reference
    _init_alloc                               - Undefined Weak Reference
    _init_user_alloc                          - Undefined Weak Reference
    _initio                                   - Undefined Weak Reference
    _rand_init                                - Undefined Weak Reference
    _signal_finish                            - Undefined Weak Reference
    _signal_init                              - Undefined Weak Reference
    _terminate_alloc                          - Undefined Weak Reference
    _terminate_user_alloc                     - Undefined Weak Reference
    _terminateio                              - Undefined Weak Reference
    __Vectors_Size                           0x00000188   Number         0  startup_stm32f4xx.o ABSOLUTE
    __Vectors                                0x08000000   Data           4  startup_stm32f4xx.o(RESET)
    __Vectors_End                            0x08000188   Data           0  startup_stm32f4xx.o(RESET)
    __main                                   0x08000189   Thumb Code     8  __main.o(!!!main)
    __scatterload                            0x08000191   Thumb Code     0  __scatter.o(!!!scatter)
    __scatterload_rt2                        0x08000191   Thumb Code    44  __scatter.o(!!!scatter)
    __scatterload_rt2_thumb_only             0x08000191   Thumb Code     0  __scatter.o(!!!scatter)
    __scatterload_null                       0x0800019f   Thumb Code     0  __scatter.o(!!!scatter)
    __decompress                             0x080001c5   Thumb Code    90  __dczerorl2.o(!!dczerorl2)
    __decompress1                            0x080001c5   Thumb Code     0  __dczerorl2.o(!!dczerorl2)
    __scatterload_zeroinit                   0x08000221   Thumb Code    28  __scatter_zi.o(!!handler_zi)
    __rt_lib_init                            0x0800023d   Thumb Code     0  libinit.o(.ARM.Collect$$libinit$$00000000)
    __rt_lib_init_fp_1                       0x0800023f   Thumb Code     0  libinit2.o(.ARM.Collect$$libinit$$00000001)
    __rt_lib_init_heap_1                     0x08000243   Thumb Code     0  libinit2.o(.ARM.Collect$$libinit$$00000008)
    __rt_lib_init_lc_common                  0x08000243   Thumb Code     0  libinit2.o(.ARM.Collect$$libinit$$0000000D)
    __rt_lib_init_rand_1                     0x08000243   Thumb Code     0  libinit2.o(.ARM.Collect$$libinit$$0000000C)
    __rt_lib_init_user_alloc_1               0x08000243   Thumb Code     0  libinit2.o(.ARM.Collect$$libinit$$0000000A)
    __rt_lib_init_lc_collate_1               0x08000249   Thumb Code     0  libinit2.o(.ARM.Collect$$libinit$$0000000F)
    __rt_lib_init_lc_ctype_2                 0x08000249   Thumb Code     0  libinit2.o(.ARM.Collect$$libinit$$00000010)
    __rt_lib_init_alloca_1                   0x08000255   Thumb Code     0  libinit2.o(.ARM.Collect$$libinit$$0000002C)
    __rt_lib_init_argv_1                     0x08000255   Thumb Code     0  libinit2.o(.ARM.Collect$$libinit$$0000002A)
    __rt_lib_init_atexit_1                   0x08000255   Thumb Code     0  libinit2.o(.ARM.Collect$$libinit$$00000019)
    __rt_lib_init_clock_1                    0x08000255   Thumb Code     0  libinit2.o(.ARM.Collect$$libinit$$0000001F)
    __rt_lib_init_cpp_1                      0x08000255   Thumb Code     0  libinit2.o(.ARM.Collect$$libinit$$00000030)
    __rt_lib_init_exceptions_1               0x08000255   Thumb Code     0  libinit2.o(.ARM.Collect$$libinit$$0000002E)
    __rt_lib_init_fp_trap_1                  0x08000255   Thumb Code     0  libinit2.o(.ARM.Collect$$libinit$$0000001D)
    __rt_lib_init_getenv_1                   0x08000255   Thumb Code     0  libinit2.o(.ARM.Collect$$libinit$$00000021)
    __rt_lib_init_lc_ctype_1                 0x08000255   Thumb Code     0  libinit2.o(.ARM.Collect$$libinit$$00000011)
    __rt_lib_init_lc_monetary_1              0x08000255   Thumb Code     0  libinit2.o(.ARM.Collect$$libinit$$00000013)
    __rt_lib_init_lc_numeric_1               0x08000255   Thumb Code     0  libinit2.o(.ARM.Collect$$libinit$$00000015)
    __rt_lib_init_lc_time_1                  0x08000255   Thumb Code     0  libinit2.o(.ARM.Collect$$libinit$$00000017)
    __rt_lib_init_return                     0x08000255   Thumb Code     0  libinit2.o(.ARM.Collect$$libinit$$00000031)
    __rt_lib_init_signal_1                   0x08000255   Thumb Code     0  libinit2.o(.ARM.Collect$$libinit$$0000001B)
    __rt_lib_init_stdio_1                    0x08000255   Thumb Code     0  libinit2.o(.ARM.Collect$$libinit$$00000023)
    __rt_lib_shutdown                        0x08000257   Thumb Code     0  libshutdown.o(.ARM.Collect$$libshutdown$$00000000)
    __rt_lib_shutdown_fp_trap_1              0x08000259   Thumb Code     0  libshutdown2.o(.ARM.Collect$$libshutdown$$00000006)
    __rt_lib_shutdown_heap_1                 0x08000259   Thumb Code     0  libshutdown2.o(.ARM.Collect$$libshutdown$$0000000E)
    __rt_lib_shutdown_return                 0x08000259   Thumb Code     0  libshutdown2.o(.ARM.Collect$$libshutdown$$0000000F)
    __rt_lib_shutdown_signal_1               0x08000259   Thumb Code     0  libshutdown2.o(.ARM.Collect$$libshutdown$$00000009)
    __rt_lib_shutdown_stdio_1                0x08000259   Thumb Code     0  libshutdown2.o(.ARM.Collect$$libshutdown$$00000003)
    __rt_lib_shutdown_user_alloc_1           0x08000259   Thumb Code     0  libshutdown2.o(.ARM.Collect$$libshutdown$$0000000B)
    __rt_entry                               0x0800025b   Thumb Code     0  rtentry.o(.ARM.Collect$$rtentry$$00000000)
    __rt_entry_presh_1                       0x0800025b   Thumb Code     0  rtentry2.o(.ARM.Collect$$rtentry$$00000002)
    __rt_entry_sh                            0x0800025b   Thumb Code     0  rtentry4.o(.ARM.Collect$$rtentry$$00000004)
    __rt_entry_li                            0x08000261   Thumb Code     0  rtentry2.o(.ARM.Collect$$rtentry$$0000000A)
    __rt_entry_postsh_1                      0x08000261   Thumb Code     0  rtentry2.o(.ARM.Collect$$rtentry$$00000009)
    __rt_entry_main                          0x08000265   Thumb Code     0  rtentry2.o(.ARM.Collect$$rtentry$$0000000D)
    __rt_entry_postli_1                      0x08000265   Thumb Code     0  rtentry2.o(.ARM.Collect$$rtentry$$0000000C)
    __rt_exit                                0x0800026d   Thumb Code     0  rtexit.o(.ARM.Collect$$rtexit$$00000000)
    __rt_exit_ls                             0x0800026f   Thumb Code     0  rtexit2.o(.ARM.Collect$$rtexit$$00000003)
    __rt_exit_prels_1                        0x0800026f   Thumb Code     0  rtexit2.o(.ARM.Collect$$rtexit$$00000002)
    __rt_exit_exit                           0x08000273   Thumb Code     0  rtexit2.o(.ARM.Collect$$rtexit$$00000004)
    rt_init_thread_entry                     0x08000279   Thumb Code     2  application.o(.text)
    rt_application_init                      0x0800027b   Thumb Code    40  application.o(.text)
    assert_failed                            0x080002ad   Thumb Code    30  startup.o(.text)
    rtthread_startup                         0x080002cb   Thumb Code    62  startup.o(.text)
    main                                     0x08000309   Thumb Code    14  startup.o(.text)
    NVIC_Configuration                       0x08000379   Thumb Code    22  board.o(.text)
    SysTick_Configuration                    0x0800038f   Thumb Code    98  board.o(.text)
    SysTick_Handler                          0x080003f1   Thumb Code    16  board.o(.text)
    rt_hw_board_init                         0x08000401   Thumb Code    26  board.o(.text)
    NMI_Handler                              0x0800042d   Thumb Code     2  stm32f4xx_it.o(.text)
    MemManage_Handler                        0x0800042f   Thumb Code     4  stm32f4xx_it.o(.text)
    BusFault_Handler                         0x08000433   Thumb Code     4  stm32f4xx_it.o(.text)
    UsageFault_Handler                       0x08000437   Thumb Code     4  stm32f4xx_it.o(.text)
    SVC_Handler                              0x0800043b   Thumb Code     2  stm32f4xx_it.o(.text)
    USART1_IRQHandler                        0x08000599   Thumb Code    56  usart.o(.text)
    USART2_IRQHandler                        0x080005d1   Thumb Code    56  usart.o(.text)
    USART3_IRQHandler                        0x08000609   Thumb Code    56  usart.o(.text)
    stm32_hw_usart_init                      0x08000717   Thumb Code   136  usart.o(.text)
    get_pin                                  0x0800081d   Thumb Code    18  gpio.o(.text)
    stm32_pin_write                          0x0800082f   Thumb Code    52  gpio.o(.text)
    stm32_pin_read                           0x08000863   Thumb Code    48  gpio.o(.text)
    stm32_pin_mode                           0x08000893   Thumb Code   122  gpio.o(.text)
    stm32_hw_pin_init                        0x0800090d   Thumb Code    16  gpio.o(.text)
    SystemInit                               0x08000a05   Thumb Code    88  system_stm32f4xx.o(.text)
    SystemCoreClockUpdate                    0x08000a5d   Thumb Code   174  system_stm32f4xx.o(.text)
    NVIC_PriorityGroupConfig                 0x08000b35   Thumb Code    54  misc.o(.text)
    NVIC_Init                                0x08000b6b   Thumb Code   164  misc.o(.text)
    NVIC_SetVectorTable                      0x08000c0f   Thumb Code    60  misc.o(.text)
    NVIC_SystemLPConfig                      0x08000c4b   Thumb Code    78  misc.o(.text)
    SysTick_CLKSourceConfig                  0x08000c99   Thumb Code    62  misc.o(.text)
    GPIO_DeInit                              0x08000d21   Thumb Code   284  stm32f4xx_gpio.o(.text)
    GPIO_Init                                0x08000e3d   Thumb Code   342  stm32f4xx_gpio.o(.text)
    GPIO_StructInit                          0x08000f93   Thumb Code    18  stm32f4xx_gpio.o(.text)
    GPIO_PinLockConfig                       0x08000fa5   Thumb Code   122  stm32f4xx_gpio.o(.text)
    GPIO_ReadInputDataBit                    0x0800101f   Thumb Code   182  stm32f4xx_gpio.o(.text)
    GPIO_ReadInputData                       0x080010d5   Thumb Code   174  stm32f4xx_gpio.o(.text)
    GPIO_ReadOutputDataBit                   0x08001183   Thumb Code   186  stm32f4xx_gpio.o(.text)
    GPIO_ReadOutputData                      0x0800123d   Thumb Code    78  stm32f4xx_gpio.o(.text)
    GPIO_SetBits                             0x0800128b   Thumb Code    98  stm32f4xx_gpio.o(.text)
    GPIO_ResetBits                           0x080012ed   Thumb Code    98  stm32f4xx_gpio.o(.text)
    GPIO_WriteBit                            0x0800134f   Thumb Code   200  stm32f4xx_gpio.o(.text)
    GPIO_Write                               0x08001417   Thumb Code    78  stm32f4xx_gpio.o(.text)
    GPIO_ToggleBits                          0x08001465   Thumb Code    82  stm32f4xx_gpio.o(.text)
    GPIO_PinAFConfig                         0x080014b7   Thumb Code   384  stm32f4xx_gpio.o(.text)
    RCC_DeInit                               0x08001639   Thumb Code    60  stm32f4xx_rcc.o(.text)
    RCC_HSEConfig                            0x08001675   Thumb Code    38  stm32f4xx_rcc.o(.text)
    RCC_GetFlagStatus                        0x0800169b   Thumb Code   130  stm32f4xx_rcc.o(.text)
    RCC_WaitForHSEStartUp                    0x0800171d   Thumb Code    56  stm32f4xx_rcc.o(.text)
    RCC_AdjustHSICalibrationValue            0x08001755   Thumb Code    38  stm32f4xx_rcc.o(.text)
    RCC_HSICmd                               0x0800177b   Thumb Code    28  stm32f4xx_rcc.o(.text)
    RCC_LSEConfig                            0x08001797   Thumb Code    72  stm32f4xx_rcc.o(.text)
    RCC_LSICmd                               0x080017df   Thumb Code    28  stm32f4xx_rcc.o(.text)
    RCC_PLLConfig                            0x080017fb   Thumb Code   156  stm32f4xx_rcc.o(.text)
    RCC_PLLCmd                               0x08001897   Thumb Code    28  stm32f4xx_rcc.o(.text)
    RCC_PLLI2SConfig                         0x080018b3   Thumb Code    62  stm32f4xx_rcc.o(.text)
    RCC_PLLI2SCmd                            0x080018f1   Thumb Code    28  stm32f4xx_rcc.o(.text)
    RCC_ClockSecuritySystemCmd               0x0800190d   Thumb Code    28  stm32f4xx_rcc.o(.text)
    RCC_MCO1Config                           0x08001929   Thumb Code   102  stm32f4xx_rcc.o(.text)
    RCC_MCO2Config                           0x0800198f   Thumb Code   102  stm32f4xx_rcc.o(.text)
    RCC_SYSCLKConfig                         0x080019f5   Thumb Code   124  stm32f4xx_rcc.o(.text)
    RCC_GetSYSCLKSource                      0x08001a71   Thumb Code    10  stm32f4xx_rcc.o(.text)
    RCC_HCLKConfig                           0x08001a7b   Thumb Code    68  stm32f4xx_rcc.o(.text)
    RCC_PCLK1Config                          0x08001abf   Thumb Code    60  stm32f4xx_rcc.o(.text)
    RCC_PCLK2Config                          0x08001afb   Thumb Code    62  stm32f4xx_rcc.o(.text)
    RCC_GetClocksFreq                        0x08001b39   Thumb Code   214  stm32f4xx_rcc.o(.text)
    RCC_RTCCLKConfig                         0x08001c0f   Thumb Code   262  stm32f4xx_rcc.o(.text)
    RCC_RTCCLKCmd                            0x08001d15   Thumb Code    30  stm32f4xx_rcc.o(.text)
    RCC_BackupResetCmd                       0x08001d33   Thumb Code    32  stm32f4xx_rcc.o(.text)
    RCC_I2SCLKConfig                         0x08001d53   Thumb Code    30  stm32f4xx_rcc.o(.text)
    RCC_AHB1PeriphClockCmd                   0x08001d71   Thumb Code    82  stm32f4xx_rcc.o(.text)
    RCC_AHB2PeriphClockCmd                   0x08001dc3   Thumb Code    82  stm32f4xx_rcc.o(.text)
    RCC_AHB3PeriphClockCmd                   0x08001e15   Thumb Code   228  stm32f4xx_rcc.o(.text)
    RCC_APB1PeriphClockCmd                   0x08001ef9   Thumb Code    82  stm32f4xx_rcc.o(.text)
    RCC_APB2PeriphClockCmd                   0x08001f4b   Thumb Code    82  stm32f4xx_rcc.o(.text)
    RCC_AHB1PeriphResetCmd                   0x08001f9d   Thumb Code    82  stm32f4xx_rcc.o(.text)
    RCC_AHB2PeriphResetCmd                   0x08001fef   Thumb Code    82  stm32f4xx_rcc.o(.text)
    RCC_AHB3PeriphResetCmd                   0x08002041   Thumb Code    82  stm32f4xx_rcc.o(.text)
    RCC_APB1PeriphResetCmd                   0x08002093   Thumb Code    82  stm32f4xx_rcc.o(.text)
    RCC_APB2PeriphResetCmd                   0x080020e5   Thumb Code    82  stm32f4xx_rcc.o(.text)
    RCC_AHB1PeriphClockLPModeCmd             0x08002137   Thumb Code    82  stm32f4xx_rcc.o(.text)
    RCC_AHB2PeriphClockLPModeCmd             0x08002189   Thumb Code    82  stm32f4xx_rcc.o(.text)
    RCC_AHB3PeriphClockLPModeCmd             0x080021db   Thumb Code    82  stm32f4xx_rcc.o(.text)
    RCC_APB1PeriphClockLPModeCmd             0x0800222d   Thumb Code    82  stm32f4xx_rcc.o(.text)
    RCC_APB2PeriphClockLPModeCmd             0x0800227f   Thumb Code   106  stm32f4xx_rcc.o(.text)
    RCC_ITConfig                             0x080022e9   Thumb Code    74  stm32f4xx_rcc.o(.text)
    RCC_ClearFlag                            0x08002333   Thumb Code    18  stm32f4xx_rcc.o(.text)
    RCC_GetITStatus                          0x08002345   Thumb Code    68  stm32f4xx_rcc.o(.text)
    RCC_ClearITPendingBit                    0x08002389   Thumb Code    34  stm32f4xx_rcc.o(.text)
    USART_DeInit                             0x080023b1   Thumb Code   202  stm32f4xx_usart.o(.text)
    USART_Init                               0x0800247b   Thumb Code   456  stm32f4xx_usart.o(.text)
    USART_StructInit                         0x08002643   Thumb Code    24  stm32f4xx_usart.o(.text)
    USART_ClockInit                          0x0800265b   Thumb Code   166  stm32f4xx_usart.o(.text)
    USART_ClockStructInit                    0x08002701   Thumb Code    12  stm32f4xx_usart.o(.text)
    USART_Cmd                                0x0800270d   Thumb Code    96  stm32f4xx_usart.o(.text)
    USART_SetPrescaler                       0x0800276d   Thumb Code   160  stm32f4xx_usart.o(.text)
    USART_OverSampling8Cmd                   0x0800280d   Thumb Code    98  stm32f4xx_usart.o(.text)
    USART_OneBitMethodCmd                    0x0800286f   Thumb Code   100  stm32f4xx_usart.o(.text)
    USART_SendData                           0x080028d3   Thumb Code    84  stm32f4xx_usart.o(.text)
    USART_ReceiveData                        0x08002927   Thumb Code    62  stm32f4xx_usart.o(.text)
    USART_SetAddress                         0x08002965   Thumb Code    92  stm32f4xx_usart.o(.text)
    USART_ReceiverWakeUpCmd                  0x080029c1   Thumb Code   100  stm32f4xx_usart.o(.text)
    USART_WakeUpConfig                       0x08002a25   Thumb Code    96  stm32f4xx_usart.o(.text)
    USART_LINBreakDetectLengthConfig         0x08002a85   Thumb Code    94  stm32f4xx_usart.o(.text)
    USART_LINCmd                             0x08002ae3   Thumb Code   100  stm32f4xx_usart.o(.text)
    USART_SendBreak                          0x08002b47   Thumb Code    64  stm32f4xx_usart.o(.text)
    USART_HalfDuplexCmd                      0x08002b87   Thumb Code   100  stm32f4xx_usart.o(.text)
    USART_SetGuardTime                       0x08002beb   Thumb Code    86  stm32f4xx_usart.o(.text)
    USART_SmartCardCmd                       0x08002c41   Thumb Code    88  stm32f4xx_usart.o(.text)
    USART_SmartCardNACKCmd                   0x08002c99   Thumb Code    88  stm32f4xx_usart.o(.text)
    USART_IrDAConfig                         0x08002cf1   Thumb Code    94  stm32f4xx_usart.o(.text)
    USART_IrDACmd                            0x08002d4f   Thumb Code   100  stm32f4xx_usart.o(.text)
    USART_DMACmd                             0x08002db3   Thumb Code   120  stm32f4xx_usart.o(.text)
    USART_ITConfig                           0x08002e2b   Thumb Code   268  stm32f4xx_usart.o(.text)
    USART_GetFlagStatus                      0x08002f37   Thumb Code   176  stm32f4xx_usart.o(.text)
    USART_ClearFlag                          0x08002fe7   Thumb Code   160  stm32f4xx_usart.o(.text)
    USART_GetITStatus                        0x08003087   Thumb Code   284  stm32f4xx_usart.o(.text)
    USART_ClearITPendingBit                  0x080031a3   Thumb Code   170  stm32f4xx_usart.o(.text)
    Reset_Handler                            0x08003265   Thumb Code     8  startup_stm32f4xx.o(.text)
    DebugMon_Handler                         0x08003279   Thumb Code     2  startup_stm32f4xx.o(.text)
    ADC_IRQHandler                           0x0800327f   Thumb Code     0  startup_stm32f4xx.o(.text)
    CAN1_RX0_IRQHandler                      0x0800327f   Thumb Code     0  startup_stm32f4xx.o(.text)
    CAN1_RX1_IRQHandler                      0x0800327f   Thumb Code     0  startup_stm32f4xx.o(.text)
    CAN1_SCE_IRQHandler                      0x0800327f   Thumb Code     0  startup_stm32f4xx.o(.text)
    CAN1_TX_IRQHandler                       0x0800327f   Thumb Code     0  startup_stm32f4xx.o(.text)
    CAN2_RX0_IRQHandler                      0x0800327f   Thumb Code     0  startup_stm32f4xx.o(.text)
    CAN2_RX1_IRQHandler                      0x0800327f   Thumb Code     0  startup_stm32f4xx.o(.text)
    CAN2_SCE_IRQHandler                      0x0800327f   Thumb Code     0  startup_stm32f4xx.o(.text)
    CAN2_TX_IRQHandler                       0x0800327f   Thumb Code     0  startup_stm32f4xx.o(.text)
    CRYP_IRQHandler                          0x0800327f   Thumb Code     0  startup_stm32f4xx.o(.text)
    DCMI_IRQHandler                          0x0800327f   Thumb Code     0  startup_stm32f4xx.o(.text)
    DMA1_Stream0_IRQHandler                  0x0800327f   Thumb Code     0  startup_stm32f4xx.o(.text)
    DMA1_Stream1_IRQHandler                  0x0800327f   Thumb Code     0  startup_stm32f4xx.o(.text)
    DMA1_Stream2_IRQHandler                  0x0800327f   Thumb Code     0  startup_stm32f4xx.o(.text)
    DMA1_Stream3_IRQHandler                  0x0800327f   Thumb Code     0  startup_stm32f4xx.o(.text)
    DMA1_Stream4_IRQHandler                  0x0800327f   Thumb Code     0  startup_stm32f4xx.o(.text)
    DMA1_Stream5_IRQHandler                  0x0800327f   Thumb Code     0  startup_stm32f4xx.o(.text)
    DMA1_Stream6_IRQHandler                  0x0800327f   Thumb Code     0  startup_stm32f4xx.o(.text)
    DMA1_Stream7_IRQHandler                  0x0800327f   Thumb Code     0  startup_stm32f4xx.o(.text)
    DMA2_Stream0_IRQHandler                  0x0800327f   Thumb Code     0  startup_stm32f4xx.o(.text)
    DMA2_Stream1_IRQHandler                  0x0800327f   Thumb Code     0  startup_stm32f4xx.o(.text)
    DMA2_Stream2_IRQHandler                  0x0800327f   Thumb Code     0  startup_stm32f4xx.o(.text)
    DMA2_Stream3_IRQHandler                  0x0800327f   Thumb Code     0  startup_stm32f4xx.o(.text)
    DMA2_Stream4_IRQHandler                  0x0800327f   Thumb Code     0  startup_stm32f4xx.o(.text)
    DMA2_Stream5_IRQHandler                  0x0800327f   Thumb Code     0  startup_stm32f4xx.o(.text)
    DMA2_Stream6_IRQHandler                  0x0800327f   Thumb Code     0  startup_stm32f4xx.o(.text)
    DMA2_Stream7_IRQHandler                  0x0800327f   Thumb Code     0  startup_stm32f4xx.o(.text)
    ETH_IRQHandler                           0x0800327f   Thumb Code     0  startup_stm32f4xx.o(.text)
    ETH_WKUP_IRQHandler                      0x0800327f   Thumb Code     0  startup_stm32f4xx.o(.text)
    EXTI0_IRQHandler                         0x0800327f   Thumb Code     0  startup_stm32f4xx.o(.text)
    EXTI15_10_IRQHandler                     0x0800327f   Thumb Code     0  startup_stm32f4xx.o(.text)
    EXTI1_IRQHandler                         0x0800327f   Thumb Code     0  startup_stm32f4xx.o(.text)
    EXTI2_IRQHandler                         0x0800327f   Thumb Code     0  startup_stm32f4xx.o(.text)
    EXTI3_IRQHandler                         0x0800327f   Thumb Code     0  startup_stm32f4xx.o(.text)
    EXTI4_IRQHandler                         0x0800327f   Thumb Code     0  startup_stm32f4xx.o(.text)
    EXTI9_5_IRQHandler                       0x0800327f   Thumb Code     0  startup_stm32f4xx.o(.text)
    FLASH_IRQHandler                         0x0800327f   Thumb Code     0  startup_stm32f4xx.o(.text)
    FPU_IRQHandler                           0x0800327f   Thumb Code     0  startup_stm32f4xx.o(.text)
    FSMC_IRQHandler                          0x0800327f   Thumb Code     0  startup_stm32f4xx.o(.text)
    HASH_RNG_IRQHandler                      0x0800327f   Thumb Code     0  startup_stm32f4xx.o(.text)
    I2C1_ER_IRQHandler                       0x0800327f   Thumb Code     0  startup_stm32f4xx.o(.text)
    I2C1_EV_IRQHandler                       0x0800327f   Thumb Code     0  startup_stm32f4xx.o(.text)
    I2C2_ER_IRQHandler                       0x0800327f   Thumb Code     0  startup_stm32f4xx.o(.text)
    I2C2_EV_IRQHandler                       0x0800327f   Thumb Code     0  startup_stm32f4xx.o(.text)
    I2C3_ER_IRQHandler                       0x0800327f   Thumb Code     0  startup_stm32f4xx.o(.text)
    I2C3_EV_IRQHandler                       0x0800327f   Thumb Code     0  startup_stm32f4xx.o(.text)
    OTG_FS_IRQHandler                        0x0800327f   Thumb Code     0  startup_stm32f4xx.o(.text)
    OTG_FS_WKUP_IRQHandler                   0x0800327f   Thumb Code     0  startup_stm32f4xx.o(.text)
    OTG_HS_EP1_IN_IRQHandler                 0x0800327f   Thumb Code     0  startup_stm32f4xx.o(.text)
    OTG_HS_EP1_OUT_IRQHandler                0x0800327f   Thumb Code     0  startup_stm32f4xx.o(.text)
    OTG_HS_IRQHandler                        0x0800327f   Thumb Code     0  startup_stm32f4xx.o(.text)
    OTG_HS_WKUP_IRQHandler                   0x0800327f   Thumb Code     0  startup_stm32f4xx.o(.text)
    PVD_IRQHandler                           0x0800327f   Thumb Code     0  startup_stm32f4xx.o(.text)
    RCC_IRQHandler                           0x0800327f   Thumb Code     0  startup_stm32f4xx.o(.text)
    RTC_Alarm_IRQHandler                     0x0800327f   Thumb Code     0  startup_stm32f4xx.o(.text)
    RTC_WKUP_IRQHandler                      0x0800327f   Thumb Code     0  startup_stm32f4xx.o(.text)
    SDIO_IRQHandler                          0x0800327f   Thumb Code     0  startup_stm32f4xx.o(.text)
    SPI1_IRQHandler                          0x0800327f   Thumb Code     0  startup_stm32f4xx.o(.text)
    SPI2_IRQHandler                          0x0800327f   Thumb Code     0  startup_stm32f4xx.o(.text)
    SPI3_IRQHandler                          0x0800327f   Thumb Code     0  startup_stm32f4xx.o(.text)
    TAMP_STAMP_IRQHandler                    0x0800327f   Thumb Code     0  startup_stm32f4xx.o(.text)
    TIM1_BRK_TIM9_IRQHandler                 0x0800327f   Thumb Code     0  startup_stm32f4xx.o(.text)
    TIM1_CC_IRQHandler                       0x0800327f   Thumb Code     0  startup_stm32f4xx.o(.text)
    TIM1_TRG_COM_TIM11_IRQHandler            0x0800327f   Thumb Code     0  startup_stm32f4xx.o(.text)
    TIM1_UP_TIM10_IRQHandler                 0x0800327f   Thumb Code     0  startup_stm32f4xx.o(.text)
    TIM2_IRQHandler                          0x0800327f   Thumb Code     0  startup_stm32f4xx.o(.text)
    TIM3_IRQHandler                          0x0800327f   Thumb Code     0  startup_stm32f4xx.o(.text)
    TIM4_IRQHandler                          0x0800327f   Thumb Code     0  startup_stm32f4xx.o(.text)
    TIM5_IRQHandler                          0x0800327f   Thumb Code     0  startup_stm32f4xx.o(.text)
    TIM6_DAC_IRQHandler                      0x0800327f   Thumb Code     0  startup_stm32f4xx.o(.text)
    TIM7_IRQHandler                          0x0800327f   Thumb Code     0  startup_stm32f4xx.o(.text)
    TIM8_BRK_TIM12_IRQHandler                0x0800327f   Thumb Code     0  startup_stm32f4xx.o(.text)
    TIM8_CC_IRQHandler                       0x0800327f   Thumb Code     0  startup_stm32f4xx.o(.text)
    TIM8_TRG_COM_TIM14_IRQHandler            0x0800327f   Thumb Code     0  startup_stm32f4xx.o(.text)
    TIM8_UP_TIM13_IRQHandler                 0x0800327f   Thumb Code     0  startup_stm32f4xx.o(.text)
    UART4_IRQHandler                         0x0800327f   Thumb Code     0  startup_stm32f4xx.o(.text)
    UART5_IRQHandler                         0x0800327f   Thumb Code     0  startup_stm32f4xx.o(.text)
    USART6_IRQHandler                        0x0800327f   Thumb Code     0  startup_stm32f4xx.o(.text)
    WWDG_IRQHandler                          0x0800327f   Thumb Code     0  startup_stm32f4xx.o(.text)
    __user_initial_stackheap                 0x08003281   Thumb Code     0  startup_stm32f4xx.o(.text)
    rt_system_tick_init                      0x080032a5   Thumb Code     2  clock.o(.text)
    rt_tick_get                              0x080032a7   Thumb Code     6  clock.o(.text)
    rt_tick_set                              0x080032ad   Thumb Code    22  clock.o(.text)
    rt_tick_increase                         0x080032c3   Thumb Code    42  clock.o(.text)
    rt_tick_from_millisecond                 0x080032ed   Thumb Code    22  clock.o(.text)
    rt_device_find                           0x08003309   Thumb Code    76  device.o(.text)
    rt_device_register                       0x08003355   Thumb Code    50  device.o(.text)
    rt_device_unregister                     0x08003387   Thumb Code    26  device.o(.text)
    rt_device_init_all                       0x080033a1   Thumb Code     4  device.o(.text)
    rt_device_init                           0x080033a5   Thumb Code    64  device.o(.text)
    rt_device_open                           0x080033e5   Thumb Code   136  device.o(.text)
    rt_device_close                          0x0800346d   Thumb Code    68  device.o(.text)
    rt_device_read                           0x080034b1   Thumb Code    76  device.o(.text)
    rt_device_write                          0x080034fd   Thumb Code    76  device.o(.text)
    rt_device_control                        0x08003549   Thumb Code    42  device.o(.text)
    rt_device_set_rx_indicate                0x08003573   Thumb Code    26  device.o(.text)
    rt_device_set_tx_complete                0x0800358d   Thumb Code    26  device.o(.text)
    rt_thread_idle_sethook                   0x0800362d   Thumb Code     6  idle.o(.text)
    rt_thread_idle_excute                    0x08003633   Thumb Code   154  idle.o(.text)
    rt_thread_idle_init                      0x080036e1   Thumb Code    38  idle.o(.text)
    rt_sem_init                              0x0800380d   Thumb Code    50  ipc.o(.text)
    rt_sem_detach                            0x0800383f   Thumb Code    34  ipc.o(.text)
    rt_sem_create                            0x08003861   Thumb Code    84  ipc.o(.text)
    rt_sem_delete                            0x080038b5   Thumb Code    78  ipc.o(.text)
    rt_sem_take                              0x08003903   Thumb Code   266  ipc.o(.text)
    rt_sem_trytake                           0x08003a0d   Thumb Code    14  ipc.o(.text)
    rt_sem_release                           0x08003a1b   Thumb Code    80  ipc.o(.text)
    rt_sem_control                           0x08003a6b   Thumb Code    68  ipc.o(.text)
    rt_mutex_init                            0x08003aaf   Thumb Code    58  ipc.o(.text)
    rt_mutex_detach                          0x08003ae9   Thumb Code    36  ipc.o(.text)
    rt_mutex_create                          0x08003b0d   Thumb Code    96  ipc.o(.text)
    rt_mutex_delete                          0x08003b6d   Thumb Code    78  ipc.o(.text)
    rt_mutex_take                            0x08003bbb   Thumb Code   524  ipc.o(.text)
    rt_mutex_release                         0x08003dc7   Thumb Code   272  ipc.o(.text)
    rt_mutex_control                         0x08003ed7   Thumb Code     8  ipc.o(.text)
    rt_event_init                            0x08003edf   Thumb Code    46  ipc.o(.text)
    rt_event_detach                          0x08003f0d   Thumb Code    36  ipc.o(.text)
    rt_event_create                          0x08003f31   Thumb Code    88  ipc.o(.text)
    rt_event_delete                          0x08003f89   Thumb Code    82  ipc.o(.text)
    rt_event_send                            0x08003fdb   Thumb Code   210  ipc.o(.text)
    rt_event_recv                            0x080040ad   Thumb Code   436  ipc.o(.text)
    rt_event_control                         0x08004261   Thumb Code    70  ipc.o(.text)
    rt_mb_init                               0x080042a7   Thumb Code    76  ipc.o(.text)
    rt_mb_detach                             0x080042f3   Thumb Code    44  ipc.o(.text)
    rt_mb_create                             0x0800431f   Thumb Code   128  ipc.o(.text)
    rt_mb_delete                             0x0800439f   Thumb Code    96  ipc.o(.text)
    rt_mb_send_wait                          0x080043ff   Thumb Code   436  ipc.o(.text)
    rt_mb_send                               0x080045b3   Thumb Code    18  ipc.o(.text)
    rt_mb_recv                               0x080045c5   Thumb Code   412  ipc.o(.text)
    rt_mb_control                            0x08004761   Thumb Code    82  ipc.o(.text)
    rt_mq_init                               0x080047b3   Thumb Code   118  ipc.o(.text)
    rt_mq_detach                             0x08004829   Thumb Code    36  ipc.o(.text)
    rt_mq_delete                             0x0800484d   Thumb Code    88  ipc.o(.text)
    rt_mq_create                             0x080048a5   Thumb Code   174  ipc.o(.text)
    rt_mq_send                               0x08004953   Thumb Code   290  ipc.o(.text)
    rt_mq_urgent                             0x08004a75   Thumb Code   198  ipc.o(.text)
    rt_mq_recv                               0x08004b3b   Thumb Code   438  ipc.o(.text)
    rt_mq_control                            0x08004cf1   Thumb Code    98  ipc.o(.text)
    rt_interrupt_enter                       0x08004da9   Thumb Code    30  irq.o(.text)
    rt_interrupt_leave                       0x08004dc7   Thumb Code    30  irq.o(.text)
    rt_interrupt_get_nest                    0x08004de5   Thumb Code     6  irq.o(.text)
    rt_get_errno                             0x08004df1   Thumb Code    32  kservice.o(.text)
    rt_set_errno                             0x08004e11   Thumb Code    36  kservice.o(.text)
    _rt_errno                                0x08004e35   Thumb Code    30  kservice.o(.text)
    rt_memset                                0x08004e53   Thumb Code    72  kservice.o(.text)
    rt_memcpy                                0x08004e9b   Thumb Code   124  kservice.o(.text)
    rt_memmove                               0x08004f17   Thumb Code    66  kservice.o(.text)
    rt_memcmp                                0x08004f59   Thumb Code    38  kservice.o(.text)
    rt_strlen                                0x08004f7f   Thumb Code    18  kservice.o(.text)
    rt_strstr                                0x08004f91   Thumb Code    58  kservice.o(.text)
    rt_strcasecmp                            0x08004fcb   Thumb Code    48  kservice.o(.text)
    rt_strncpy                               0x08004ffb   Thumb Code    52  kservice.o(.text)
    rt_strncmp                               0x0800502f   Thumb Code    40  kservice.o(.text)
    rt_strcmp                                0x08005057   Thumb Code    28  kservice.o(.text)
    rt_strdup                                0x08005073   Thumb Code    40  kservice.o(.text)
    rt_hw_console_output                     0x0800509b   Thumb Code     2  kservice.o(.text)
    rt_vsnprintf                             0x08005253   Thumb Code   800  kservice.o(.text)
    rt_kprintf                               0x08005573   Thumb Code    96  kservice.o(.text)
    rt_show_version                          0x080055d3   Thumb Code    38  kservice.o(.text)
    rt_snprintf                              0x080055f9   Thumb Code    38  kservice.o(.text)
    rt_vsprintf                              0x0800561f   Thumb Code    22  kservice.o(.text)
    rt_sprintf                               0x08005635   Thumb Code    34  kservice.o(.text)
    rt_console_get_device                    0x08005657   Thumb Code     6  kservice.o(.text)
    rt_console_set_device                    0x0800565d   Thumb Code    48  kservice.o(.text)
    rt_malloc_align                          0x0800568d   Thumb Code    66  kservice.o(.text)
    rt_free_align                            0x080056cf   Thumb Code    16  kservice.o(.text)
    __rt_ffs                                 0x080056df   Thumb Code    70  kservice.o(.text)
    rt_assert_set_hook                       0x08005725   Thumb Code     6  kservice.o(.text)
    rt_assert_handler                        0x0800572b   Thumb Code    56  kservice.o(.text)
    rt_malloc_sethook                        0x0800583d   Thumb Code     6  mem.o(.text)
    rt_free_sethook                          0x08005843   Thumb Code     6  mem.o(.text)
    rt_system_heap_init                      0x080058e9   Thumb Code   204  mem.o(.text)
    rt_malloc                                0x080059b5   Thumb Code   514  mem.o(.text)
    rt_free                                  0x08005bb7   Thumb Code   646  mem.o(.text)
    rt_realloc                               0x08005e3d   Thumb Code   312  mem.o(.text)
    rt_calloc                                0x08005f75   Thumb Code    84  mem.o(.text)
    rt_memory_info                           0x08005fc9   Thumb Code    26  mem.o(.text)
    list_mem                                 0x08005fe3   Thumb Code    34  mem.o(.text)
    rt_object_attach_sethook                 0x080060c5   Thumb Code     6  object.o(.text)
    rt_object_detach_sethook                 0x080060cb   Thumb Code     6  object.o(.text)
    rt_object_trytake_sethook                0x080060d1   Thumb Code     6  object.o(.text)
    rt_object_take_sethook                   0x080060d7   Thumb Code     6  object.o(.text)
    rt_object_put_sethook                    0x080060dd   Thumb Code     6  object.o(.text)
    rt_system_object_init                    0x080060e3   Thumb Code     2  object.o(.text)
    rt_object_get_information                0x080060e5   Thumb Code    10  object.o(.text)
    rt_object_init                           0x080060ef   Thumb Code    76  object.o(.text)
    rt_object_detach                         0x0800613b   Thumb Code    56  object.o(.text)
    rt_object_allocate                       0x08006173   Thumb Code   132  object.o(.text)
    rt_object_delete                         0x080061f7   Thumb Code    84  object.o(.text)
    rt_object_is_systemobject                0x0800624b   Thumb Code    34  object.o(.text)
    rt_object_find                           0x0800626d   Thumb Code   126  object.o(.text)
    rt_scheduler_sethook                     0x08006381   Thumb Code     6  scheduler.o(.text)
    rt_system_scheduler_init                 0x080063d9   Thumb Code    56  scheduler.o(.text)
    rt_system_scheduler_start                0x08006411   Thumb Code    36  scheduler.o(.text)
    rt_schedule                              0x08006435   Thumb Code   134  scheduler.o(.text)
    rt_schedule_insert_thread                0x080064bb   Thumb Code    82  scheduler.o(.text)
    rt_schedule_remove_thread                0x0800650d   Thumb Code    94  scheduler.o(.text)
    rt_enter_critical                        0x0800656b   Thumb Code    28  scheduler.o(.text)
    rt_exit_critical                         0x08006587   Thumb Code    54  scheduler.o(.text)
    rt_critical_level                        0x080065bd   Thumb Code     8  scheduler.o(.text)
    rt_thread_timeout                        0x080066cd   Thumb Code    66  thread.o(.text)
    rt_thread_init                           0x0800679b   Thumb Code    74  thread.o(.text)
    rt_thread_self                           0x080067e5   Thumb Code     6  thread.o(.text)
    rt_thread_resume                         0x080067eb   Thumb Code    78  thread.o(.text)
    rt_thread_startup                        0x08006839   Thumb Code    80  thread.o(.text)
    rt_thread_detach                         0x08006889   Thumb Code    72  thread.o(.text)
    rt_thread_create                         0x080068d1   Thumb Code    80  thread.o(.text)
    rt_thread_delete                         0x08006921   Thumb Code    64  thread.o(.text)
    rt_thread_yield                          0x08006961   Thumb Code    88  thread.o(.text)
    rt_thread_suspend                        0x080069b9   Thumb Code    76  thread.o(.text)
    rt_thread_sleep                          0x08006a05   Thumb Code    76  thread.o(.text)
    rt_thread_delay                          0x08006a51   Thumb Code   212  thread.o(.text)
    rt_thread_control                        0x08006b25   Thumb Code   130  thread.o(.text)
    rt_thread_find                           0x08006ba7   Thumb Code    76  thread.o(.text)
    rt_timer_timeout_sethook                 0x08006c0b   Thumb Code     6  timer.o(.text)
    rt_timer_init                            0x08006c9d   Thumb Code    58  timer.o(.text)
    rt_timer_detach                          0x08006cd7   Thumb Code    44  timer.o(.text)
    rt_timer_create                          0x08006d03   Thumb Code    54  timer.o(.text)
    rt_timer_delete                          0x08006d39   Thumb Code    46  timer.o(.text)
    rt_timer_start                           0x08006d67   Thumb Code   292  timer.o(.text)
    rt_timer_stop                            0x08006e8b   Thumb Code    80  timer.o(.text)
    rt_timer_control                         0x08006edb   Thumb Code    76  timer.o(.text)
    rt_timer_check                           0x08006f27   Thumb Code   148  timer.o(.text)
    rt_timer_next_timeout_tick               0x08006fbb   Thumb Code    10  timer.o(.text)
    rt_system_timer_init                     0x08006fc5   Thumb Code    24  timer.o(.text)
    rt_system_timer_thread_init              0x08006fdd   Thumb Code     2  timer.o(.text)
    rt_hw_stack_init                         0x08007059   Thumb Code    74  cpuport.o(.text)
    rt_hw_exception_install                  0x080070a3   Thumb Code     6  cpuport.o(.text)
    rt_hw_hard_fault_exception               0x080070a9   Thumb Code   112  cpuport.o(.text)
    rt_hw_cpu_shutdown                       0x08007119   Thumb Code    20  cpuport.o(.text)
    rt_hw_interrupt_disable                  0x080071e9   Thumb Code     8  context_rvds.o(.text)
    rt_hw_interrupt_enable                   0x080071f1   Thumb Code     6  context_rvds.o(.text)
    rt_hw_context_switch                     0x080071f7   Thumb Code    32  context_rvds.o(.text)
    rt_hw_context_switch_interrupt           0x080071f7   Thumb Code     0  context_rvds.o(.text)
    PendSV_Handler                           0x08007217   Thumb Code   108  context_rvds.o(.text)
    rt_hw_context_switch_to                  0x08007283   Thumb Code    68  context_rvds.o(.text)
    rt_hw_interrupt_thread_switch            0x080072c7   Thumb Code     2  context_rvds.o(.text)
    HardFault_Handler                        0x080072c9   Thumb Code    20  context_rvds.o(.text)
    rt_device_pin_register                   0x080073a5   Thumb Code    56  pin.o(.text)
    rt_pin_mode                              0x080073dd   Thumb Code    22  pin.o(.text)
    rt_pin_write                             0x080073f3   Thumb Code    22  pin.o(.text)
    rt_pin_read                              0x08007409   Thumb Code    18  pin.o(.text)
    rt_hw_serial_register                    0x080077ef   Thumb Code   246  serial.o(.text)
    rt_hw_serial_isr                         0x080078e5   Thumb Code   324  serial.o(.text)
    rt_completion_init                       0x08007d0d   Thumb Code    42  completion.o(.text)
    rt_completion_wait                       0x08007d37   Thumb Code   198  completion.o(.text)
    rt_completion_done                       0x08007dfd   Thumb Code    76  completion.o(.text)
    rt_data_queue_init                       0x08007ee3   Thumb Code    78  dataqueue.o(.text)
    rt_data_queue_push                       0x08007f31   Thumb Code   276  dataqueue.o(.text)
    rt_data_queue_pop                        0x08008045   Thumb Code   340  dataqueue.o(.text)
    rt_data_queue_peak                       0x08008199   Thumb Code    94  dataqueue.o(.text)
    rt_data_queue_reset                      0x080081f7   Thumb Code   106  dataqueue.o(.text)
    finsh_set_device                         0x0800830b   Thumb Code   156  shell.o(.text)
    finsh_get_device                         0x080083a7   Thumb Code    28  shell.o(.text)
    finsh_set_echo                           0x080083c3   Thumb Code    30  shell.o(.text)
    finsh_get_echo                           0x080083e1   Thumb Code    32  shell.o(.text)
    finsh_run_line                           0x0800841d   Thumb Code   150  shell.o(.text)
    finsh_thread_entry                       0x0800856f   Thumb Code  1618  shell.o(.text)
    finsh_system_function_init               0x08008bc1   Thumb Code    10  shell.o(.text)
    finsh_system_var_init                    0x08008bcb   Thumb Code    10  shell.o(.text)
    finsh_system_init                        0x08008bd5   Thumb Code   122  shell.o(.text)
    hello                                    0x08008cb9   Thumb Code    12  cmd.o(.text)
    version                                  0x08008cc5   Thumb Code    10  cmd.o(.text)
    list_thread                              0x08008d7b   Thumb Code    10  cmd.o(.text)
    list_sem                                 0x08008e19   Thumb Code    12  cmd.o(.text)
    list_event                               0x08008e85   Thumb Code    12  cmd.o(.text)
    list_mutex                               0x08008ed3   Thumb Code    12  cmd.o(.text)
    list_mailbox                             0x08008f57   Thumb Code    12  cmd.o(.text)
    list_msgqueue                            0x08008fcf   Thumb Code    12  cmd.o(.text)
    list_mempool                             0x08009041   Thumb Code    12  cmd.o(.text)
    list_timer                               0x08009485   Thumb Code    10  cmd.o(.text)
    list_device                              0x080094e1   Thumb Code    12  cmd.o(.text)
    list                                     0x080094ed   Thumb Code   126  cmd.o(.text)
    list_prefix                              0x080095ad   Thumb Code   434  cmd.o(.text)
    finsh_compiler_run                       0x0800b017   Thumb Code    88  finsh_compiler.o(.text)
    finsh_error_init                         0x0800b081   Thumb Code     8  finsh_error.o(.text)
    finsh_error_set                          0x0800b089   Thumb Code    10  finsh_error.o(.text)
    finsh_errno                              0x0800b093   Thumb Code     6  finsh_error.o(.text)
    finsh_error_string                       0x0800b099   Thumb Code    10  finsh_error.o(.text)
    finsh_heap_init                          0x0800b0ad   Thumb Code    36  finsh_heap.o(.text)
    finsh_heap_free                          0x0800b1d1   Thumb Code    34  finsh_heap.o(.text)
    finsh_heap_allocate                      0x0800b241   Thumb Code   106  finsh_heap.o(.text)
    finsh_init                               0x0800b2bd   Thumb Code    30  finsh_init.o(.text)
    finsh_stack_bottom                       0x0800b2db   Thumb Code     6  finsh_init.o(.text)
    finsh_flush                              0x0800b2e1   Thumb Code    22  finsh_init.o(.text)
    finsh_reset                              0x0800b2f7   Thumb Code    24  finsh_init.o(.text)
    finsh_node_init                          0x0800b315   Thumb Code    16  finsh_node.o(.text)
    finsh_node_allocate                      0x0800b325   Thumb Code    56  finsh_node.o(.text)
    finsh_node_new_id                        0x0800b35d   Thumb Code   118  finsh_node.o(.text)
    finsh_node_new_char                      0x0800b3d3   Thumb Code    30  finsh_node.o(.text)
    finsh_node_new_int                       0x0800b3f1   Thumb Code    30  finsh_node.o(.text)
    finsh_node_new_long                      0x0800b40f   Thumb Code    30  finsh_node.o(.text)
    finsh_node_new_string                    0x0800b42d   Thumb Code    74  finsh_node.o(.text)
    finsh_node_new_ptr                       0x0800b477   Thumb Code    30  finsh_node.o(.text)
    OP_no_op                                 0x0800b499   Thumb Code     2  finsh_ops.o(.text)
    OP_add_byte                              0x0800b49b   Thumb Code    42  finsh_ops.o(.text)
    OP_add_word                              0x0800b4c5   Thumb Code    44  finsh_ops.o(.text)
    OP_add_dword                             0x0800b4f1   Thumb Code    42  finsh_ops.o(.text)
    OP_sub_byte                              0x0800b51b   Thumb Code    42  finsh_ops.o(.text)
    OP_sub_word                              0x0800b545   Thumb Code    44  finsh_ops.o(.text)
    OP_sub_dword                             0x0800b571   Thumb Code    42  finsh_ops.o(.text)
    OP_div_byte                              0x0800b59b   Thumb Code    44  finsh_ops.o(.text)
    OP_div_word                              0x0800b5c7   Thumb Code    46  finsh_ops.o(.text)
    OP_div_dword                             0x0800b5f5   Thumb Code    44  finsh_ops.o(.text)
    OP_mod_byte                              0x0800b621   Thumb Code    48  finsh_ops.o(.text)
    OP_mod_word                              0x0800b651   Thumb Code    48  finsh_ops.o(.text)
    OP_mod_dword                             0x0800b681   Thumb Code    48  finsh_ops.o(.text)
    OP_mul_byte                              0x0800b6b1   Thumb Code    44  finsh_ops.o(.text)
    OP_mul_word                              0x0800b6dd   Thumb Code    46  finsh_ops.o(.text)
    OP_mul_dword                             0x0800b70b   Thumb Code    42  finsh_ops.o(.text)
    OP_and_byte                              0x0800b735   Thumb Code    42  finsh_ops.o(.text)
    OP_and_word                              0x0800b75f   Thumb Code    42  finsh_ops.o(.text)
    OP_and_dword                             0x0800b789   Thumb Code    42  finsh_ops.o(.text)
    OP_or_byte                               0x0800b7b3   Thumb Code    42  finsh_ops.o(.text)
    OP_or_word                               0x0800b7dd   Thumb Code    42  finsh_ops.o(.text)
    OP_or_dword                              0x0800b807   Thumb Code    42  finsh_ops.o(.text)
    OP_xor_byte                              0x0800b831   Thumb Code    42  finsh_ops.o(.text)
    OP_xor_word                              0x0800b85b   Thumb Code    46  finsh_ops.o(.text)
    OP_xor_dword                             0x0800b889   Thumb Code    42  finsh_ops.o(.text)
    OP_bw_byte                               0x0800b8b3   Thumb Code    20  finsh_ops.o(.text)
    OP_bw_word                               0x0800b8c7   Thumb Code    20  finsh_ops.o(.text)
    OP_bw_dword                              0x0800b8db   Thumb Code    20  finsh_ops.o(.text)
    OP_shl_byte                              0x0800b8ef   Thumb Code    42  finsh_ops.o(.text)
    OP_shl_word                              0x0800b919   Thumb Code    44  finsh_ops.o(.text)
    OP_shl_dword                             0x0800b945   Thumb Code    42  finsh_ops.o(.text)
    OP_shr_byte                              0x0800b96f   Thumb Code    42  finsh_ops.o(.text)
    OP_shr_word                              0x0800b999   Thumb Code    42  finsh_ops.o(.text)
    OP_shr_dword                             0x0800b9c3   Thumb Code    42  finsh_ops.o(.text)
    OP_ld_byte                               0x0800b9ed   Thumb Code    34  finsh_ops.o(.text)
    OP_ld_word                               0x0800ba0f   Thumb Code    46  finsh_ops.o(.text)
    OP_ld_dword                              0x0800ba3d   Thumb Code    64  finsh_ops.o(.text)
    OP_ld_value_byte                         0x0800ba7d   Thumb Code    66  finsh_ops.o(.text)
    OP_ld_value_byte_stack                   0x0800babf   Thumb Code    20  finsh_ops.o(.text)
    OP_ld_value_word                         0x0800bad3   Thumb Code    66  finsh_ops.o(.text)
    OP_ld_value_word_stack                   0x0800bb15   Thumb Code    20  finsh_ops.o(.text)
    OP_ld_value_dword                        0x0800bb29   Thumb Code    66  finsh_ops.o(.text)
    OP_ld_value_dword_stack                  0x0800bb6b   Thumb Code    20  finsh_ops.o(.text)
    OP_st_byte                               0x0800bb7f   Thumb Code    30  finsh_ops.o(.text)
    OP_st_word                               0x0800bb9d   Thumb Code    30  finsh_ops.o(.text)
    OP_st_dword                              0x0800bbbb   Thumb Code    30  finsh_ops.o(.text)
    OP_pop                                   0x0800bbd9   Thumb Code    12  finsh_ops.o(.text)
    OP_call                                  0x0800bbe5   Thumb Code   906  finsh_ops.o(.text)
    finsh_parser_run                         0x0800c805   Thumb Code   220  finsh_parser.o(.text)
    finsh_parser_init                        0x0800c8e1   Thumb Code    16  finsh_parser.o(.text)
    finsh_var_init                           0x0800c8f1   Thumb Code    14  finsh_var.o(.text)
    finsh_var_insert                         0x0800c8ff   Thumb Code   114  finsh_var.o(.text)
    finsh_var_delete                         0x0800c971   Thumb Code    68  finsh_var.o(.text)
    finsh_var_lookup                         0x0800c9b5   Thumb Code    58  finsh_var.o(.text)
    finsh_sysvar_append                      0x0800c9ef   Thumb Code    62  finsh_var.o(.text)
    finsh_sysvar_lookup                      0x0800ca2d   Thumb Code    78  finsh_var.o(.text)
    finsh_vm_run                             0x0800ca8d   Thumb Code    62  finsh_vm.o(.text)
    finsh_syscall_append                     0x0800cacb   Thumb Code    54  finsh_vm.o(.text)
    finsh_syscall_lookup                     0x0800cb01   Thumb Code    78  finsh_vm.o(.text)
    finsh_token_init                         0x0800cb71   Thumb Code    20  finsh_token.o(.text)
    token_get_string                         0x0800cf61   Thumb Code   120  finsh_token.o(.text)
    finsh_token_token                        0x0800d199   Thumb Code    24  finsh_token.o(.text)
    finsh_token_get_token                    0x0800d1b1   Thumb Code    20  finsh_token.o(.text)
    atoi                                     0x0800d1c9   Thumb Code    26  atoi.o(.text)
    strlen                                   0x0800d1e3   Thumb Code    62  strlen.o(.text)
    strncmp                                  0x0800d221   Thumb Code   150  strncmp.o(.text)
    __aeabi_memcpy                           0x0800d2b7   Thumb Code     0  rt_memcpy_v6.o(.text)
    __rt_memcpy                              0x0800d2b7   Thumb Code   138  rt_memcpy_v6.o(.text)
    _memcpy_lastbytes                        0x0800d31d   Thumb Code     0  rt_memcpy_v6.o(.text)
    __aeabi_memcpy4                          0x0800d341   Thumb Code     0  rt_memcpy_w.o(.text)
    __aeabi_memcpy8                          0x0800d341   Thumb Code     0  rt_memcpy_w.o(.text)
    __rt_memcpy_w                            0x0800d341   Thumb Code   100  rt_memcpy_w.o(.text)
    _memcpy_lastbytes_aligned                0x0800d389   Thumb Code     0  rt_memcpy_w.o(.text)
    __aeabi_memclr                           0x0800d3a5   Thumb Code     0  rt_memclr.o(.text)
    __rt_memclr                              0x0800d3a5   Thumb Code    68  rt_memclr.o(.text)
    _memset                                  0x0800d3a9   Thumb Code     0  rt_memclr.o(.text)
    __aeabi_memclr4                          0x0800d3e9   Thumb Code     0  rt_memclr_w.o(.text)
    __aeabi_memclr8                          0x0800d3e9   Thumb Code     0  rt_memclr_w.o(.text)
    __rt_memclr_w                            0x0800d3e9   Thumb Code    78  rt_memclr_w.o(.text)
    _memset_w                                0x0800d3ed   Thumb Code     0  rt_memclr_w.o(.text)
    strncpy                                  0x0800d437   Thumb Code    86  strncpy.o(.text)
    strcmp                                   0x0800d48d   Thumb Code   128  strcmpv7m.o(.text)
    __use_two_region_memory                  0x0800d50d   Thumb Code     2  heapauxi.o(.text)
    __rt_heap_escrow$2region                 0x0800d50f   Thumb Code     2  heapauxi.o(.text)
    __rt_heap_expand$2region                 0x0800d511   Thumb Code     2  heapauxi.o(.text)
    __aeabi_errno_addr                       0x0800d515   Thumb Code     8  rt_errno_addr_intlibspace.o(.text)
    __errno$intlibspace                      0x0800d515   Thumb Code     0  rt_errno_addr_intlibspace.o(.text)
    __rt_errno_addr$intlibspace              0x0800d515   Thumb Code     0  rt_errno_addr_intlibspace.o(.text)
    strtol                                   0x0800d51d   Thumb Code   112  strtol.o(.text)
    __user_libspace                          0x0800d58d   Thumb Code     8  libspace.o(.text)
    __user_perproc_libspace                  0x0800d58d   Thumb Code     0  libspace.o(.text)
    __user_perthread_libspace                0x0800d58d   Thumb Code     0  libspace.o(.text)
    __rt_ctype_table                         0x0800d595   Thumb Code    16  rt_ctype_table.o(.text)
    _strtoul                                 0x0800d5a5   Thumb Code   158  _strtoul.o(.text)
    __user_setup_stackheap                   0x0800d643   Thumb Code    74  sys_stackheap_outer.o(.text)
    __rt_locale                              0x0800d68d   Thumb Code     8  rt_locale_intlibspace.o(.text)
    _chval                                   0x0800d695   Thumb Code    28  _chval.o(.text)
    exit                                     0x0800d6b1   Thumb Code    12  exit.o(.text)
    _sys_exit                                0x0800d6bd   Thumb Code     8  sys_exit.o(.text)
    __I$use$semihosting                      0x0800d6c9   Thumb Code     0  use_no_semi.o(.text)
    __use_no_semihosting_swi                 0x0800d6c9   Thumb Code     2  use_no_semi.o(.text)
    __semihosting_library_function           0x0800d6cb   Thumb Code     0  indicate_semi.o(.text)
    _get_lc_ctype                            0x0800d6cd   Thumb Code    44  lc_ctype_c.o(locale$$code)
    _fp_init                                 0x0800d6f9   Thumb Code    10  fpinit.o(x$fpl$fpinit)
    __fplib_config_fpu_vfp                   0x0800d701   Thumb Code     0  fpinit.o(x$fpl$fpinit)
    __fplib_config_pureend_doubles           0x0800d701   Thumb Code     0  fpinit.o(x$fpl$fpinit)
    __lowest_bit_bitmap                      0x0800dd55   Data         256  kservice.o(.constdata)
    __fsym_list_mem_name                     0x0800de77   Data           9  mem.o(.constdata)
    __fsym_list_mem_desc                     0x0800de80   Data          30  mem.o(.constdata)
    __fsym_pinMode_name                      0x0800e0a9   Data           8  pin.o(.constdata)
    __fsym_pinMode_desc                      0x0800e0b1   Data          22  pin.o(.constdata)
    __fsym_pinWrite_name                     0x0800e0c7   Data           9  pin.o(.constdata)
    __fsym_pinWrite_desc                     0x0800e0d0   Data          28  pin.o(.constdata)
    __fsym_pinRead_name                      0x0800e0ec   Data           8  pin.o(.constdata)
    __fsym_pinRead_desc                      0x0800e0f4   Data          30  pin.o(.constdata)
    __fsym_hello_name                        0x0800e2ec   Data           6  cmd.o(.constdata)
    __fsym_hello_desc                        0x0800e2f2   Data          16  cmd.o(.constdata)
    __fsym_version_name                      0x0800e302   Data           8  cmd.o(.constdata)
    __fsym_version_desc                      0x0800e30a   Data          35  cmd.o(.constdata)
    __fsym_list_thread_name                  0x0800e32d   Data          12  cmd.o(.constdata)
    __fsym_list_thread_desc                  0x0800e339   Data          12  cmd.o(.constdata)
    __fsym_list_sem_name                     0x0800e345   Data           9  cmd.o(.constdata)
    __fsym_list_sem_desc                     0x0800e34e   Data          25  cmd.o(.constdata)
    __fsym_list_event_name                   0x0800e367   Data          11  cmd.o(.constdata)
    __fsym_list_event_desc                   0x0800e372   Data          21  cmd.o(.constdata)
    __fsym_list_mutex_name                   0x0800e387   Data          11  cmd.o(.constdata)
    __fsym_list_mutex_desc                   0x0800e392   Data          21  cmd.o(.constdata)
    __fsym_list_mailbox_name                 0x0800e3a7   Data          13  cmd.o(.constdata)
    __fsym_list_mailbox_desc                 0x0800e3b4   Data          24  cmd.o(.constdata)
    __fsym_list_msgqueue_name                0x0800e3cc   Data          14  cmd.o(.constdata)
    __fsym_list_msgqueue_desc                0x0800e3da   Data          29  cmd.o(.constdata)
    __fsym_list_mempool_name                 0x0800e3f7   Data          13  cmd.o(.constdata)
    __fsym_list_mempool_desc                 0x0800e404   Data          27  cmd.o(.constdata)
    __fsym_list_timer_name                   0x0800e41f   Data          11  cmd.o(.constdata)
    __fsym_list_timer_desc                   0x0800e42a   Data          21  cmd.o(.constdata)
    __fsym_list_device_name                  0x0800e43f   Data          12  cmd.o(.constdata)
    __fsym_list_device_desc                  0x0800e44b   Data          22  cmd.o(.constdata)
    __fsym_list_name                         0x0800e461   Data           5  cmd.o(.constdata)
    __fsym_list_desc                         0x0800e466   Data          26  cmd.o(.constdata)
    __vsym_dummy_name                        0x0800e480   Data           6  cmd.o(.constdata)
    __vsym_dummy_desc                        0x0800e486   Data          25  cmd.o(.constdata)
    op_table                                 0x0800e4ec   Data         196  finsh_ops.o(.constdata)
    FSymTab$$Base                            0x0800e9b4   Number         0  mem.o(FSymTab)
    __fsym_list_mem                          0x0800e9b4   Data          12  mem.o(FSymTab)
    __fsym_pinMode                           0x0800e9c0   Data          12  pin.o(FSymTab)
    __fsym_pinWrite                          0x0800e9cc   Data          12  pin.o(FSymTab)
    __fsym_pinRead                           0x0800e9d8   Data          12  pin.o(FSymTab)
    __fsym_hello                             0x0800e9e4   Data          12  cmd.o(FSymTab)
    __fsym_version                           0x0800e9f0   Data          12  cmd.o(FSymTab)
    __fsym_list_thread                       0x0800e9fc   Data          12  cmd.o(FSymTab)
    __fsym_list_sem                          0x0800ea08   Data          12  cmd.o(FSymTab)
    __fsym_list_event                        0x0800ea14   Data          12  cmd.o(FSymTab)
    __fsym_list_mutex                        0x0800ea20   Data          12  cmd.o(FSymTab)
    __fsym_list_mailbox                      0x0800ea2c   Data          12  cmd.o(FSymTab)
    __fsym_list_msgqueue                     0x0800ea38   Data          12  cmd.o(FSymTab)
    __fsym_list_mempool                      0x0800ea44   Data          12  cmd.o(FSymTab)
    __fsym_list_timer                        0x0800ea50   Data          12  cmd.o(FSymTab)
    __fsym_list_device                       0x0800ea5c   Data          12  cmd.o(FSymTab)
    __fsym_list                              0x0800ea68   Data          12  cmd.o(FSymTab)
    FSymTab$$Limit                           0x0800ea74   Number         0  cmd.o(FSymTab)
    Region$$Table$$Base                      0x0800ea74   Number         0  anon$$obj.o(Region$$Table)
    Region$$Table$$Limit                     0x0800ea94   Number         0  anon$$obj.o(Region$$Table)
    VSymTab$$Base                            0x0800ea94   Number         0  cmd.o(VSymTab)
    __vsym_dummy                             0x0800ea94   Data          16  cmd.o(VSymTab)
    VSymTab$$Limit                           0x0800eaa4   Number         0  cmd.o(VSymTab)
    __ctype                                  0x0800eab1   Data           0  lc_ctype_c.o(locale$$data)
    uart1                                    0x20000000   Data           8  usart.o(.data)
    uart2                                    0x20000008   Data           8  usart.o(.data)
    uart3                                    0x20000010   Data           8  usart.o(.data)
    SystemCoreClock                          0x20000018   Data           4  system_stm32f4xx.o(.data)
    AHBPrescTable                            0x2000001c   Data          16  system_stm32f4xx.o(.data)
    rt_interrupt_nest                        0x20000044   Data           1  irq.o(.data)
    rt_assert_hook                           0x20000050   Data           4  kservice.o(.data)
    rt_object_container                      0x20000074   Data         144  object.o(.data)
    rt_object_trytake_hook                   0x2000010c   Data           4  object.o(.data)
    rt_object_take_hook                      0x20000110   Data           4  object.o(.data)
    rt_object_put_hook                       0x20000114   Data           4  object.o(.data)
    rt_current_thread                        0x2000011c   Data           4  scheduler.o(.data)
    rt_current_priority                      0x20000120   Data           1  scheduler.o(.data)
    rt_thread_ready_priority_group           0x20000124   Data           4  scheduler.o(.data)
    rt_thread_defunct                        0x20000128   Data           8  scheduler.o(.data)
    rt_interrupt_from_thread                 0x20000144   Data           4  cpuport.o(.data)
    rt_interrupt_to_thread                   0x20000148   Data           4  cpuport.o(.data)
    rt_thread_switch_interrupt_flag          0x2000014c   Data           4  cpuport.o(.data)
    shell                                    0x20000154   Data           4  shell.o(.data)
    _syscall_table_begin                     0x20000158   Data           4  symbol.o(.data)
    _syscall_table_end                       0x2000015c   Data           4  symbol.o(.data)
    _sysvar_table_begin                      0x20000160   Data           4  symbol.o(.data)
    _sysvar_table_end                        0x20000164   Data           4  symbol.o(.data)
    finsh_compile_sp                         0x2000016c   Data           4  finsh_compiler.o(.data)
    finsh_compile_pc                         0x20000170   Data           4  finsh_compiler.o(.data)
    global_errno                             0x20000174   Data           1  finsh_error.o(.data)
    global_sysvar_list                       0x200001bc   Data           4  finsh_var.o(.data)
    finsh_sp                                 0x200001c0   Data           4  finsh_vm.o(.data)
    finsh_pc                                 0x200001c4   Data           4  finsh_vm.o(.data)
    global_syscall_list                      0x200001c8   Data           4  finsh_vm.o(.data)
    serial1                                  0x200001cc   Data          84  usart.o(.bss)
    serial2                                  0x20000220   Data          84  usart.o(.bss)
    serial3                                  0x20000274   Data          84  usart.o(.bss)
    rt_thread_priority_table                 0x200007e8   Data         256  scheduler.o(.bss)
    finsh_heap                               0x200011ac   Data         128  finsh_heap.o(.bss)
    global_node_table                        0x2000122c   Data         320  finsh_node.o(.bss)
    global_variable                          0x2000136c   Data         192  finsh_var.o(.bss)
    finsh_vm_stack                           0x2000142c   Data         256  finsh_vm.o(.bss)
    text_segment                             0x2000152c   Data         128  finsh_vm.o(.bss)
    __libspace_start                         0x200015ac   Data          96  libspace.o(.bss)
    __temporary_stack_top$libspace           0x2000160c   Data           0  libspace.o(.bss)
    Image$$RW_IRAM1$$ZI$$Limit               0x20001c10   Number         0  anon$$obj.o ABSOLUTE



==============================================================================

Memory Map of the image

  Image Entry point : 0x08000189

  Load Region LR_IROM1 (Base: 0x08000000, Size: 0x0000ed80, Max: 0x00100000, ABSOLUTE, COMPRESSED[0x0000ec58])

    Execution Region ER_IROM1 (Base: 0x08000000, Size: 0x0000ebb4, Max: 0x00100000, ABSOLUTE)

    Base Addr    Size         Type   Attr      Idx    E Section Name        Object

    0x08000000   0x00000188   Data   RO          785    RESET               startup_stm32f4xx.o
    0x08000188   0x00000008   Code   RO         1484  * !!!main             c_w.l(__main.o)
    0x08000190   0x00000034   Code   RO         1661    !!!scatter          c_w.l(__scatter.o)
    0x080001c4   0x0000005a   Code   RO         1659    !!dczerorl2         c_w.l(__dczerorl2.o)
    0x0800021e   0x00000002   PAD
    0x08000220   0x0000001c   Code   RO         1663    !!handler_zi        c_w.l(__scatter_zi.o)
    0x0800023c   0x00000002   Code   RO         1535    .ARM.Collect$$libinit$$00000000  c_w.l(libinit.o)
    0x0800023e   0x00000004   Code   RO         1538    .ARM.Collect$$libinit$$00000001  c_w.l(libinit2.o)
    0x08000242   0x00000000   Code   RO         1542    .ARM.Collect$$libinit$$00000008  c_w.l(libinit2.o)
    0x08000242   0x00000000   Code   RO         1544    .ARM.Collect$$libinit$$0000000A  c_w.l(libinit2.o)
    0x08000242   0x00000000   Code   RO         1546    .ARM.Collect$$libinit$$0000000C  c_w.l(libinit2.o)
    0x08000242   0x00000006   Code   RO         1547    .ARM.Collect$$libinit$$0000000D  c_w.l(libinit2.o)
    0x08000248   0x00000000   Code   RO         1549    .ARM.Collect$$libinit$$0000000F  c_w.l(libinit2.o)
    0x08000248   0x0000000c   Code   RO         1550    .ARM.Collect$$libinit$$00000010  c_w.l(libinit2.o)
    0x08000254   0x00000000   Code   RO         1551    .ARM.Collect$$libinit$$00000011  c_w.l(libinit2.o)
    0x08000254   0x00000000   Code   RO         1553    .ARM.Collect$$libinit$$00000013  c_w.l(libinit2.o)
    0x08000254   0x00000000   Code   RO         1555    .ARM.Collect$$libinit$$00000015  c_w.l(libinit2.o)
    0x08000254   0x00000000   Code   RO         1557    .ARM.Collect$$libinit$$00000017  c_w.l(libinit2.o)
    0x08000254   0x00000000   Code   RO         1559    .ARM.Collect$$libinit$$00000019  c_w.l(libinit2.o)
    0x08000254   0x00000000   Code   RO         1561    .ARM.Collect$$libinit$$0000001B  c_w.l(libinit2.o)
    0x08000254   0x00000000   Code   RO         1563    .ARM.Collect$$libinit$$0000001D  c_w.l(libinit2.o)
    0x08000254   0x00000000   Code   RO         1565    .ARM.Collect$$libinit$$0000001F  c_w.l(libinit2.o)
    0x08000254   0x00000000   Code   RO         1567    .ARM.Collect$$libinit$$00000021  c_w.l(libinit2.o)
    0x08000254   0x00000000   Code   RO         1569    .ARM.Collect$$libinit$$00000023  c_w.l(libinit2.o)
    0x08000254   0x00000000   Code   RO         1573    .ARM.Collect$$libinit$$0000002A  c_w.l(libinit2.o)
    0x08000254   0x00000000   Code   RO         1575    .ARM.Collect$$libinit$$0000002C  c_w.l(libinit2.o)
    0x08000254   0x00000000   Code   RO         1577    .ARM.Collect$$libinit$$0000002E  c_w.l(libinit2.o)
    0x08000254   0x00000000   Code   RO         1579    .ARM.Collect$$libinit$$00000030  c_w.l(libinit2.o)
    0x08000254   0x00000002   Code   RO         1580    .ARM.Collect$$libinit$$00000031  c_w.l(libinit2.o)
    0x08000256   0x00000002   Code   RO         1600    .ARM.Collect$$libshutdown$$00000000  c_w.l(libshutdown.o)
    0x08000258   0x00000000   Code   RO         1614    .ARM.Collect$$libshutdown$$00000003  c_w.l(libshutdown2.o)
    0x08000258   0x00000000   Code   RO         1617    .ARM.Collect$$libshutdown$$00000006  c_w.l(libshutdown2.o)
    0x08000258   0x00000000   Code   RO         1620    .ARM.Collect$$libshutdown$$00000009  c_w.l(libshutdown2.o)
    0x08000258   0x00000000   Code   RO         1622    .ARM.Collect$$libshutdown$$0000000B  c_w.l(libshutdown2.o)
    0x08000258   0x00000000   Code   RO         1625    .ARM.Collect$$libshutdown$$0000000E  c_w.l(libshutdown2.o)
    0x08000258   0x00000002   Code   RO         1626    .ARM.Collect$$libshutdown$$0000000F  c_w.l(libshutdown2.o)
    0x0800025a   0x00000000   Code   RO         1486    .ARM.Collect$$rtentry$$00000000  c_w.l(rtentry.o)
    0x0800025a   0x00000000   Code   RO         1498    .ARM.Collect$$rtentry$$00000002  c_w.l(rtentry2.o)
    0x0800025a   0x00000006   Code   RO         1510    .ARM.Collect$$rtentry$$00000004  c_w.l(rtentry4.o)
    0x08000260   0x00000000   Code   RO         1500    .ARM.Collect$$rtentry$$00000009  c_w.l(rtentry2.o)
    0x08000260   0x00000004   Code   RO         1501    .ARM.Collect$$rtentry$$0000000A  c_w.l(rtentry2.o)
    0x08000264   0x00000000   Code   RO         1503    .ARM.Collect$$rtentry$$0000000C  c_w.l(rtentry2.o)
    0x08000264   0x00000008   Code   RO         1504    .ARM.Collect$$rtentry$$0000000D  c_w.l(rtentry2.o)
    0x0800026c   0x00000002   Code   RO         1536    .ARM.Collect$$rtexit$$00000000  c_w.l(rtexit.o)
    0x0800026e   0x00000000   Code   RO         1582    .ARM.Collect$$rtexit$$00000002  c_w.l(rtexit2.o)
    0x0800026e   0x00000004   Code   RO         1583    .ARM.Collect$$rtexit$$00000003  c_w.l(rtexit2.o)
    0x08000272   0x00000006   Code   RO         1584    .ARM.Collect$$rtexit$$00000004  c_w.l(rtexit2.o)
    0x08000278   0x00000034   Code   RO            2    .text               application.o
    0x080002ac   0x000000cc   Code   RO          150    .text               startup.o
    0x08000378   0x000000b4   Code   RO          170    .text               board.o
    0x0800042c   0x00000010   Code   RO          196    .text               stm32f4xx_it.o
    0x0800043c   0x000003e0   Code   RO          212    .text               usart.o
    0x0800081c   0x0000010c   Code   RO          246    .text               gpio.o
    0x08000928   0x0000020c   Code   RO          264    .text               system_stm32f4xx.o
    0x08000b34   0x000001ec   Code   RO          286    .text               misc.o
    0x08000d20   0x00000916   Code   RO          526    .text               stm32f4xx_gpio.o
    0x08001636   0x00000002   PAD
    0x08001638   0x00000d78   Code   RO          638    .text               stm32f4xx_rcc.o
    0x080023b0   0x00000eb4   Code   RO          752    .text               stm32f4xx_usart.o
    0x08003264   0x00000040   Code   RO          786    .text               startup_stm32f4xx.o
    0x080032a4   0x00000064   Code   RO          790    .text               clock.o
    0x08003308   0x00000324   Code   RO          804    .text               device.o
    0x0800362c   0x00000134   Code   RO          818    .text               idle.o
    0x08003760   0x00001648   Code   RO          838    .text               ipc.o
    0x08004da8   0x00000048   Code   RO          855    .text               irq.o
    0x08004df0   0x00000a4c   Code   RO          870    .text               kservice.o
    0x0800583c   0x00000868   Code   RO          890    .text               mem.o
    0x080060a4   0x000002dc   Code   RO          940    .text               object.o
    0x08006380   0x000002e0   Code   RO          959    .text               scheduler.o
    0x08006660   0x0000059c   Code   RO          980    .text               thread.o
    0x08006bfc   0x0000045c   Code   RO          997    .text               timer.o
    0x08007058   0x00000190   Code   RO         1016    .text               cpuport.o
    0x080071e8   0x0000010c   Code   RO         1032    .text               context_rvds.o
    0x080072f4   0x00000154   Code   RO         1070    .text               pin.o
    0x08007448   0x000008c4   Code   RO         1087    .text               serial.o
    0x08007d0c   0x000001c8   Code   RO         1100    .text               completion.o
    0x08007ed4   0x00000414   Code   RO         1116    .text               dataqueue.o
    0x080082e8   0x000009bc   Code   RO         1205    .text               shell.o
    0x08008ca4   0x00000bc4   Code   RO         1239    .text               cmd.o
    0x08009868   0x00001818   Code   RO         1262    .text               finsh_compiler.o
    0x0800b080   0x0000002c   Code   RO         1299    .text               finsh_error.o
    0x0800b0ac   0x00000210   Code   RO         1315    .text               finsh_heap.o
    0x0800b2bc   0x00000058   Code   RO         1331    .text               finsh_init.o
    0x0800b314   0x00000184   Code   RO         1349    .text               finsh_node.o
    0x0800b498   0x00000adc   Code   RO         1364    .text               finsh_ops.o
    0x0800bf74   0x0000097c   Code   RO         1382    .text               finsh_parser.o
    0x0800c8f0   0x0000019c   Code   RO         1397    .text               finsh_var.o
    0x0800ca8c   0x000000e4   Code   RO         1420    .text               finsh_vm.o
    0x0800cb70   0x00000658   Code   RO         1447    .text               finsh_token.o
    0x0800d1c8   0x0000001a   Code   RO         1464    .text               c_w.l(atoi.o)
    0x0800d1e2   0x0000003e   Code   RO         1466    .text               c_w.l(strlen.o)
    0x0800d220   0x00000096   Code   RO         1468    .text               c_w.l(strncmp.o)
    0x0800d2b6   0x0000008a   Code   RO         1470    .text               c_w.l(rt_memcpy_v6.o)
    0x0800d340   0x00000064   Code   RO         1472    .text               c_w.l(rt_memcpy_w.o)
    0x0800d3a4   0x00000044   Code   RO         1474    .text               c_w.l(rt_memclr.o)
    0x0800d3e8   0x0000004e   Code   RO         1476    .text               c_w.l(rt_memclr_w.o)
    0x0800d436   0x00000056   Code   RO         1478    .text               c_w.l(strncpy.o)
    0x0800d48c   0x00000080   Code   RO         1480    .text               c_w.l(strcmpv7m.o)
    0x0800d50c   0x00000006   Code   RO         1482    .text               c_w.l(heapauxi.o)
    0x0800d512   0x00000002   PAD
    0x0800d514   0x00000008   Code   RO         1490    .text               c_w.l(rt_errno_addr_intlibspace.o)
    0x0800d51c   0x00000070   Code   RO         1492    .text               c_w.l(strtol.o)
    0x0800d58c   0x00000008   Code   RO         1494    .text               c_w.l(libspace.o)
    0x0800d594   0x00000010   Code   RO         1512    .text               c_w.l(rt_ctype_table.o)
    0x0800d5a4   0x0000009e   Code   RO         1514    .text               c_w.l(_strtoul.o)
    0x0800d642   0x0000004a   Code   RO         1516    .text               c_w.l(sys_stackheap_outer.o)
    0x0800d68c   0x00000008   Code   RO         1521    .text               c_w.l(rt_locale_intlibspace.o)
    0x0800d694   0x0000001c   Code   RO         1523    .text               c_w.l(_chval.o)
    0x0800d6b0   0x0000000c   Code   RO         1528    .text               c_w.l(exit.o)
    0x0800d6bc   0x0000000c   Code   RO         1592    .text               c_w.l(sys_exit.o)
    0x0800d6c8   0x00000002   Code   RO         1603    .text               c_w.l(use_no_semi.o)
    0x0800d6ca   0x00000000   Code   RO         1605    .text               c_w.l(indicate_semi.o)
    0x0800d6ca   0x00000002   PAD
    0x0800d6cc   0x0000002c   Code   RO         1526    locale$$code        c_w.l(lc_ctype_c.o)
    0x0800d6f8   0x0000000a   Code   RO         1590    x$fpl$fpinit        fz_wm.l(fpinit.o)
    0x0800d702   0x00000002   PAD
    0x0800d704   0x00000050   Data   RO          214    .constdata          usart.o
    0x0800d754   0x0000036c   Data   RO          247    .constdata          gpio.o
    0x0800dac0   0x000000a8   Data   RO          805    .constdata          device.o
    0x0800db68   0x00000016   Data   RO          820    .constdata          idle.o
    0x0800db7e   0x000001d7   Data   RO          839    .constdata          ipc.o
    0x0800dd55   0x00000122   Data   RO          872    .constdata          kservice.o
    0x0800de77   0x0000006d   Data   RO          892    .constdata          mem.o
    0x0800dee4   0x0000005e   Data   RO          941    .constdata          object.o
    0x0800df42   0x0000004e   Data   RO          961    .constdata          scheduler.o
    0x0800df90   0x000000aa   Data   RO          981    .constdata          thread.o
    0x0800e03a   0x0000005c   Data   RO          998    .constdata          timer.o
    0x0800e096   0x00000013   Data   RO         1017    .constdata          cpuport.o
    0x0800e0a9   0x0000008b   Data   RO         1072    .constdata          pin.o
    0x0800e134   0x000000d3   Data   RO         1088    .constdata          serial.o
    0x0800e207   0x00000039   Data   RO         1101    .constdata          completion.o
    0x0800e240   0x0000004b   Data   RO         1117    .constdata          dataqueue.o
    0x0800e28b   0x00000060   Data   RO         1207    .constdata          shell.o
    0x0800e2eb   0x00000001   PAD
    0x0800e2ec   0x00000200   Data   RO         1240    .constdata          cmd.o
    0x0800e4ec   0x000000c4   Data   RO         1365    .constdata          finsh_ops.o
    0x0800e5b0   0x00000040   Data   RO         1448    .constdata          finsh_token.o
    0x0800e5f0   0x000000ed   Data   RO          893    .conststring        mem.o
    0x0800e6dd   0x00000003   PAD
    0x0800e6e0   0x0000019d   Data   RO         1241    .conststring        cmd.o
    0x0800e87d   0x00000003   PAD
    0x0800e880   0x000000f3   Data   RO         1300    .conststring        finsh_error.o
    0x0800e973   0x00000001   PAD
    0x0800e974   0x0000003e   Data   RO         1449    .conststring        finsh_token.o
    0x0800e9b2   0x00000002   PAD
    0x0800e9b4   0x0000000c   Data   RO          895    FSymTab             mem.o
    0x0800e9c0   0x00000024   Data   RO         1073    FSymTab             pin.o
    0x0800e9e4   0x00000090   Data   RO         1243    FSymTab             cmd.o
    0x0800ea74   0x00000020   Data   RO         1657    Region$$Table       anon$$obj.o
    0x0800ea94   0x00000010   Data   RO         1244    VSymTab             cmd.o
    0x0800eaa4   0x00000110   Data   RO         1525    locale$$data        c_w.l(lc_ctype_c.o)


    Execution Region RW_IRAM1 (Base: 0x20000000, Size: 0x00001c10, Max: 0x00020000, ABSOLUTE, COMPRESSED[0x000000a4])

    Base Addr    Size         Type   Attr      Idx    E Section Name        Object

    0x20000000   0x00000018   Data   RW          215    .data               usart.o
    0x20000018   0x00000014   Data   RW          265    .data               system_stm32f4xx.o
    0x2000002c   0x00000010   Data   RW          639    .data               stm32f4xx_rcc.o
    0x2000003c   0x00000004   Data   RW          791    .data               clock.o
    0x20000040   0x00000004   Data   RW          821    .data               idle.o
    0x20000044   0x00000001   Data   RW          856    .data               irq.o
    0x20000045   0x00000003   PAD
    0x20000048   0x0000000c   Data   RW          873    .data               kservice.o
    0x20000054   0x00000020   Data   RW          894    .data               mem.o
    0x20000074   0x000000a4   Data   RW          942    .data               object.o
    0x20000118   0x0000001c   Data   RW          962    .data               scheduler.o
    0x20000134   0x00000010   Data   RW          999    .data               timer.o
    0x20000144   0x00000010   Data   RW         1018    .data               cpuport.o
    0x20000154   0x00000004   Data   RW         1208    .data               shell.o
    0x20000158   0x00000010   Data   RW         1226    .data               symbol.o
    0x20000168   0x00000004   Data   RW         1242    .data               cmd.o
    0x2000016c   0x00000008   Data   RW         1263    .data               finsh_compiler.o
    0x20000174   0x00000040   Data   RW         1301    .data               finsh_error.o
    0x200001b4   0x00000008   Data   RW         1317    .data               finsh_heap.o
    0x200001bc   0x00000004   Data   RW         1399    .data               finsh_var.o
    0x200001c0   0x0000000c   Data   RW         1422    .data               finsh_vm.o
    0x200001cc   0x000000fc   Zero   RW          213    .bss                usart.o
    0x200002c8   0x00000480   Zero   RW          819    .bss                idle.o
    0x20000748   0x00000080   Zero   RW          871    .bss                kservice.o
    0x200007c8   0x00000020   Zero   RW          891    .bss                mem.o
    0x200007e8   0x00000100   Zero   RW          960    .bss                scheduler.o
    0x200008e8   0x00000044   Zero   RW         1071    .bss                pin.o
    0x2000092c   0x00000880   Zero   RW         1206    .bss                shell.o
    0x200011ac   0x00000080   Zero   RW         1316    .bss                finsh_heap.o
    0x2000122c   0x00000140   Zero   RW         1350    .bss                finsh_node.o
    0x2000136c   0x000000c0   Zero   RW         1398    .bss                finsh_var.o
    0x2000142c   0x00000180   Zero   RW         1421    .bss                finsh_vm.o
    0x200015ac   0x00000060   Zero   RW         1495    .bss                c_w.l(libspace.o)
    0x2000160c   0x00000004   PAD
    0x20001610   0x00000200   Zero   RW          784    HEAP                startup_stm32f4xx.o
    0x20001810   0x00000400   Zero   RW          783    STACK               startup_stm32f4xx.o


==============================================================================

Image component sizes


      Code (inc. data)   RO Data    RW Data    ZI Data      Debug   Object Name

        52         10          0          0          0     248383   application.o
       180         18          0          0          0      19291   board.o
       100          6          0          4          0       1548   clock.o
      3012       1244       1085          4          0      10315   cmd.o
       456        124         57          0          0       2827   completion.o
       268         24          0          0          0        792   context_rvds.o
       400        188         19         16          0       3655   cpuport.o
      1044        114         75          0          0       6149   dataqueue.o
       804        134        168          0          0       4653   device.o
      6168        154          0          8          0      10674   finsh_compiler.o
        44         10        243         64          0       1653   finsh_error.o
       528         18          0          8        128       3343   finsh_heap.o
        88          6          0          0          0       1616   finsh_init.o
       388          4          0          0        320       3344   finsh_node.o
      2780         36        196          0          0       8812   finsh_ops.o
      2428         32          0          0          0       9493   finsh_parser.o
      1624         16        126          0          0       5912   finsh_token.o
       412         18          0          4        192       7153   finsh_var.o
       228         34          0         12        384       6806   finsh_vm.o
       268         12        876          0          0       2394   gpio.o
       308         74         22          4       1152       2827   idle.o
      5704        422        471          0          0      19143   ipc.o
        72          6          0          1          0       1354   irq.o
      2636        230        290         12        128      11572   kservice.o
      2152        558        358         32         32      10790   mem.o
       492         74          0          0          0       2029   misc.o
       732        150         94        164          0       5612   object.o
       340         46        175          0         68       3656   pin.o
       736        150         78         28        256       4665   scheduler.o
      2244        366        211          0          0       7445   serial.o
      2492        278         96          4       2176       5843   shell.o
       204         98          0          0          0       1319   startup.o
        64         26        392          0       1536        884   startup_stm32f4xx.o
      2326        132          0          0          0       5209   stm32f4xx_gpio.o
        16          0          0          0          0        824   stm32f4xx_it.o
      3448        258          0         16          0      12903   stm32f4xx_rcc.o
      3764        164          0          0          0       9580   stm32f4xx_usart.o
         0          0          0         16          0       4157   symbol.o
       524         42          0         20          0       1987   system_stm32f4xx.o
      1436        210        170          0          0       7302   thread.o
      1116        100         92         16          0       6611   timer.o
       992        126         80         24        252      27887   usart.o

    ----------------------------------------------------------------------
     53072       5712       5416        460       6624     512412   Object Totals
         0          0         32          0          0          0   (incl. Generated)
         2          0         10          3          0          0   (incl. Padding)

    ----------------------------------------------------------------------

      Code (inc. data)   RO Data    RW Data    ZI Data      Debug   Library Member Name

        90          0          0          0          0          0   __dczerorl2.o
         8          0          0          0          0         68   __main.o
        52          8          0          0          0          0   __scatter.o
        28          0          0          0          0          0   __scatter_zi.o
        28          0          0          0          0         68   _chval.o
       158          0          0          0          0         92   _strtoul.o
        26          0          0          0          0         80   atoi.o
        12          0          0          0          0         72   exit.o
         6          0          0          0          0        152   heapauxi.o
         0          0          0          0          0          0   indicate_semi.o
        44         10        272          0          0         76   lc_ctype_c.o
         2          0          0          0          0          0   libinit.o
        24          0          0          0          0          0   libinit2.o
         2          0          0          0          0          0   libshutdown.o
         2          0          0          0          0          0   libshutdown2.o
         8          4          0          0         96         68   libspace.o
        16          4          0          0          0         76   rt_ctype_table.o
         8          4          0          0          0         68   rt_errno_addr_intlibspace.o
         8          4          0          0          0         68   rt_locale_intlibspace.o
        68          0          0          0          0         68   rt_memclr.o
        78          0          0          0          0         80   rt_memclr_w.o
       138          0          0          0          0         68   rt_memcpy_v6.o
       100          0          0          0          0         80   rt_memcpy_w.o
         0          0          0          0          0          0   rtentry.o
        12          0          0          0          0          0   rtentry2.o
         6          0          0          0          0          0   rtentry4.o
         2          0          0          0          0          0   rtexit.o
        10          0          0          0          0          0   rtexit2.o
       128          0          0          0          0         68   strcmpv7m.o
        62          0          0          0          0         76   strlen.o
       150          0          0          0          0         80   strncmp.o
        86          0          0          0          0         76   strncpy.o
       112          0          0          0          0         88   strtol.o
        12          4          0          0          0         68   sys_exit.o
        74          0          0          0          0         80   sys_stackheap_outer.o
         2          0          0          0          0         68   use_no_semi.o
        10          0          0          0          0        116   fpinit.o

    ----------------------------------------------------------------------
      1580         38        272          0        100       1904   Library Totals
         8          0          0          0          4          0   (incl. Padding)

    ----------------------------------------------------------------------

      Code (inc. data)   RO Data    RW Data    ZI Data      Debug   Library Name

      1562         38        272          0         96       1788   c_w.l
        10          0          0          0          0        116   fz_wm.l

    ----------------------------------------------------------------------
      1580         38        272          0        100       1904   Library Totals

    ----------------------------------------------------------------------

==============================================================================


      Code (inc. data)   RO Data    RW Data    ZI Data      Debug   

     54652       5750       5688        460       6724     506228   Grand Totals
     54652       5750       5688        164       6724     506228   ELF Image Totals (compressed)
     54652       5750       5688        164          0          0   ROM Totals

==============================================================================

    Total RO  Size (Code + RO Data)                60340 (  58.93kB)
    Total RW  Size (RW Data + ZI Data)              7184 (   7.02kB)
    Total ROM Size (Code + RO Data + RW Data)      60504 (  59.09kB)

==============================================================================

